*EVALUATION : ITHY8001SG                                                              DSSAT Cropping System Model Ver. 4.5.1.023 -Stub         OCT 13, 2014; 10:42:03

@RUN EXCODE        TN RN CR   IDAPS   IDAPM   ADAPS   ADAPM   PD1TS   PD1TM   PDFTS   PDFTM   MDAPS   MDAPM   HWAMS   HWAMM   PWAMS   PWAMM   H#AMS   H#AMM   HWUMS   HWUMM   H#UMS   H#UMM   CWAMS   CWAMM   BWAMS   BWAMM   LAIXS   LAIXM   HIAMS   HIAMM   THAMS   THAMM   GNAMS   GNAMM   CNAMS   CNAMM   SNAMS   SNAMM   GN%MS   GN%MM   CWAAS   CWAAM   CNAAS   CNAAM   L#SMS   L#SMM   EDAPS   EDAPM
   1 ITHY8001SG     1  1 SG      31     -99      67     -99     -99     -99     -99     -99     109     -99    5400    5230     -99     -99   19741     -99  0.0274     -99  1096.7     -99   12096   10770    6696    5540    3.69     -99   0.446     -99     -99     -99      74    63.9      98    89.0      24    25.5     1.4    1.22    5792     -99      71     -99   21.39     -99       5     -99
   2 ITHY8001SG     2  1 SG      31     -99      67     -99     -99     -99     -99     -99     109     -99    6407    6120     -99     -99   19741     -99  0.0325     -99  1096.7     -99   13225   11860    6818    5740    3.69     -99   0.484     -99     -99     -99     104    91.0     130   124.0      25    33.2     1.6    1.49    5792     -99      71     -99   21.39     -99       5     -99
   3 ITHY8001SG     3  1 SG      31     -99      67     -99     -99     -99     -99     -99     109     -99    6407    6570     -99     -99   19741     -99  0.0325     -99  1096.7     -99   13224   12440    6818    5870    3.69     -99   0.484     -99     -99     -99     104    93.2     130   127.0      25    33.8     1.6    1.42    5792     -99      71     -99   21.39     -99       5     -99
