 NREP  EXP  TRT  NYR FILEX        DESCRIPTION
    1    1    1    1 ITHY8001.SGX
    2    1    2    1 ITHY8001.SGX
    3    1    3    1 ITHY8001.SGX
