
*SOIL N BALANCE - CENTURY ROUTINES

*DSSAT Cropping System Model Ver. 4.5.1.023 -Stub         DEC 04, 2014; 01:35:57

!                     |------------------- N State Variables -------------------| |------------ N Additions ------------| |---------- N Subtractions -----------| |-Mineralization--|
!                                                                                   Harvest   Applied                                  Denit-             Ammonia    Miner-    Immob-  Seasonal
!                       Surface      SOM1      SOM2      SOM3    Litter     Inorg   Residue   Residue  Fertiliz   Senesed   Leached    rified    Uptake  Volatil.    alized    ilized   Balance
@Run FILEX         TN      SN0D     S1NTD     S2NTD     S3NTD      LNTD      NIAD      HRNH     RESNC      NICM     SNNTC      NLCM      NDNC      NUCM      AMLS      NMNC      NIMC   SEASBAL
   1 ITHY8001.SGX INIT     0.00      9.47    105.79  13251.42     15.98    141.97
   1 ITHY8001.SGX   1      0.00     17.17    108.73  13240.29      1.83     47.15      0.00      0.00      0.00      1.47      1.53      0.44    108.98      0.00     30.65     14.54      0.00
   2 ITHY8001.SGX   2      0.00     17.89    109.43  13236.47      1.72     72.76      0.00      0.00     80.00      1.47      9.25      4.52    141.49      0.00     36.32     17.72      0.00
   3 ITHY8001.SGX   3      0.00     17.49    109.42  13236.47      1.72     73.04      0.00      0.00     80.00      1.48      9.25      4.65    141.48      0.00     35.78     16.78      0.00
