*SUMMARY : ITHY8001SG                                                              DSSAT Cropping System Model Ver. 4.5.1.023 -Stub         OCT 13, 2014; 10:42:03

!IDENTIFIERS......................... TREATMENT................ SITE INFORMATION............ DATES..........................................  DRY WEIGHT, YIELD AND YIELD COMPONENTS......................................  WATER...............................................  NITROGEN......................................  PHOSPHORUS............  POTASSIUM.............  ORGANIC MATTER..................................    WATER PRODUCTIVITY..................................................    NITROGEN PRODUCTIVITY...........  SEASONAL ENVIRONMENTAL DATA (Planting to harvest)
@   RUNNO   TRNO R# O# C# CR MODEL    TNAM                      FNAM     WSTA.... SOIL_ID...    SDAT    PDAT    EDAT    ADAT    MDAT    HDAT  DWAP    CWAM    HWAM    HWAH    BWAH  PWAM    HWUM  H#AM    H#UM  HIAM  LAIX  IR#M  IRCM  PRCM  ETCM  EPCM  ESCM  ROCM  DRCM  SWXM  NI#M  NICM  NFXM  NUCM  NLCM  NIAM  CNAM  GNAM  PI#M  PICM  PUPC  SPAM  KI#M  KICM  KUPC  SKAM  RECM  ONTAM   ONAM  OPTAM   OPAM   OCTAM    OCAM    DMPPM    DMPEM    DMPTM    DMPIM     YPPM     YPEM     YPTM     YPIM    DPNAM    DPNUM    YPNAM    YPNUM  NDCH TMAXA TMINA SRADA DAYLA   CO2A   PRCP   ETCP
        1      1  1  0  0 SG SGCER045 0 N check plot            ITHY0001 ITHY8002 IBSG910085 1980165 1980169 1980174 1980236 1980278 1980278   -99   12096    5400    5400       0  6750  0.0274 19741  1096.7 0.446   3.7     0     0   650   403   282   121   167    10    91     1     0     0   110     2    47    98    74   -99   -99   -99   -99   -99   -99   -99   -99     0  13368  13368      0      0   94923   94923     19.7     30.5     42.9    -99.0     8.79    13.61    19.15   -99.00    -99.0    110.0    -99.0     49.1   110  30.1  22.3  16.3 12.58  338.8  614.2  396.7
        2      2  1  0  0 SG SGCER045 80 kg Urea-N Incorporated ITHY0001 ITHY8002 IBSG910085 1980165 1980169 1980174 1980236 1980278 1980278   -99   13225    6407    6407       0  8009  0.0325 19741  1096.7 0.484   3.7     0     0   650   407   282   125   167    45    92     1    80     0   143     9    73   130   104   -99   -99   -99   -99   -99   -99   -99   -99     0  13366  13366      0      0   94873   94873     21.5     33.0     46.9    -99.0    10.43    16.01    22.71   -99.00    165.3     92.5     80.1     44.8   110  30.1  22.3  16.3 12.58  338.8  614.2  400.3
        3      3  1  0  0 SG SGCER045 80 kg Urea-N Split Applic ITHY0001 ITHY8002 IBSG910085 1980165 1980169 1980174 1980236 1980278 1980278   -99   13224    6407    6407       0  8008  0.0325 19741  1096.7 0.484   3.7     0     0   650   407   282   125   167    45    92     2    80     0   143     9    73   130   104   -99   -99   -99   -99   -99   -99   -99   -99     0  13365  13365      0      0   94873   94873     21.5     33.0     46.9    -99.0    10.43    16.01    22.71   -99.00    165.3     92.5     80.1     44.8   110  30.1  22.3  16.3 12.58  338.8  614.2  400.2
