ApsimVersion = 7.5
format = csv
Title = GHWA0401_6-N60 P90 ACMO
yield,biomass,AnthesisDate,MaturityDate,HarvestDate,LAIMax,InCropRain,SumEP,SumNO3Uptake,SumLeachNO3
(kg/ha),(kg/ha),(yyyy-mm-dd),(yyyy-mm-dd),(yyyy-mm-dd),(m2/m2),(mm),(mm),(kg/ha),(kg/ha)
2701.217529,5946.436523,2004-08-21,2004-09-23,2004-09-24,2.140554,687.299997,85.618359,56.605790,21.092648
