ApsimVersion = 7.5
format = csv
Title = GHWA0401_8-N120 P60 ACMO
yield,biomass,AnthesisDate,MaturityDate,HarvestDate,LAIMax,InCropRain,SumEP,SumNO3Uptake,SumLeachNO3
(kg/ha),(kg/ha),(yyyy-mm-dd),(yyyy-mm-dd),(yyyy-mm-dd),(m2/m2),(mm),(mm),(kg/ha),(kg/ha)
3412.790527,7580.479004,2004-08-26,2004-09-27,2004-09-28,2.267956,698.499997,109.331018,81.507282,57.817840
