ApsimVersion = 7.5
format = csv
Title = GHWA0401_3-N0 P90 ACMO
yield,biomass,AnthesisDate,MaturityDate,HarvestDate,LAIMax,InCropRain,SumEP,SumNO3Uptake,SumLeachNO3
(kg/ha),(kg/ha),(yyyy-mm-dd),(yyyy-mm-dd),(yyyy-mm-dd),(m2/m2),(mm),(mm),(kg/ha),(kg/ha)
0.000000,1461.856934,2004-08-26,2004-09-27,2004-09-28,0.715243,698.499997,21.703633,10.497680,16.326156
