ApsimVersion = 7.5
format = csv
Title = GHWA0401_4-N60 P0 ACMO
yield,biomass,AnthesisDate,MaturityDate,HarvestDate,LAIMax,InCropRain,SumEP,SumNO3Uptake,SumLeachNO3
(kg/ha),(kg/ha),(yyyy-mm-dd),(yyyy-mm-dd),(yyyy-mm-dd),(m2/m2),(mm),(mm),(kg/ha),(kg/ha)
2440.449951,6021.505371,2004-08-26,2004-09-27,2004-09-28,2.239181,698.499997,87.205609,53.894087,31.037249
