*INFO DETAIL FILE

******************************************************************************

*DSSAT Cropping System Model Ver. 4.5.1.023 -Stub         OCT 13, 2014; 10:48:17
                                                                                
*RUN   1        : 97 DATE1 CHINESE          CRGRO045 GHNY9701    1              
 MODEL          : CRGRO045 - Peanut                                             
 EXPERIMENT     : GHNY9701 PN able [sltx] with oversized content [1 SALO], only 
 DATA PATH      :                                                               
 TREATMENT  1   : 97 DATE1 CHINESE          CRGRO045                            
  

 CSM     YEAR DOY = 1997 149
 RNMODE = B                                                                    
 PATHEX =                                                                      
 FILEX  = GHNY9701.PNX                                                         
 FILEB  = dssbatch.v45                                                         
 FILEIO = DSSAT45.INP                                                          
 MODEL  = CRGRO045                                                             
 TRTNUM =     1                                                                

 SOILDYN  YEAR DOY = 1997 149
 The soil file has missing or invalid data.                                    
 Default values have been used for these variables:                            
   CEC, ADCOEF                                                                 
 These defaults may or may not be important to your results.                   

 SOILDYN  YEAR DOY = 1997 149
 Soil ID: GH00970001                                                           
 0 SAVANNA OCHROSOL                                                            
 PALEUSTALF                                                                    
   SALB SWCON    CN  DMOD  SLPF SMPX                                           
   0.13  0.40  76.0  1.00  0.86 IB001                                          
 Soil layer distribution method: 2                                             
      DS DLAYR    LL   DUL   SAT  Root    BD    OC  CLAY  SILT  SAND           
 LYR  cm    cm  frac  frac  frac  Grow g/cm3     %     %     %     %    pH     
   1   5     5 0.095 0.257 0.359 1.000  1.39  0.41   7.0  18.2  74.8   6.7     
   2  15    10 0.060 0.227 0.359 1.000  1.39  0.41   7.0  18.2  74.8   6.7     
   3  30    15 0.060 0.228 0.340 0.700  1.59  0.32  11.3  24.5  64.2   6.4     
   4  45    15 0.105 0.229 0.342 0.350  1.59  0.28  15.0  27.9  57.1   6.1     
   5  60    15 0.120 0.205 0.342 0.250  1.63  0.28  15.5  27.5  57.0   6.1     
   6  90    30 0.130 0.200 0.347 0.050  1.45  0.17  18.2  27.7  54.1   6.0     

 SOILDYN  YEAR DOY = 1997 149
 Additional soil properties                                                    
                Convert                                                        
    Cation Adsrp  ppm /  SLCF                                                  
   L  Exch  Coef  kg/ha     %                                                  
   1  15.5   0.0   1.44   6.2                                                  
   2  15.5   0.0   0.72   6.2                                                  
   3  15.5   0.0   0.42  11.4                                                  
   4  15.5   0.0   0.42  47.1                                                  
   5  15.5   0.0   0.41  47.1                                                  
   6  15.5   0.0   0.23  47.5                                                  

 IPWTH   YEAR DOY = 1997 149
 GHNY9702.WTH                                                                  
 Found daily weather data headers for:                                         
   SRAD           Col   7 -  11                                                
   TMAX           Col  13 -  17                                                
   TMIN           Col  19 -  23                                                
   RAIN           Col  25 -  29                                                
   DEWP           Col  31 -  35                                                
   WIND           Col  37 -  41                                                
   PAR            Col  43 -  47                                                

 CO2VAL  YEAR DOY = 1997 149
  643 CO2 data points read from file.                                          
 C:\DSSAT45\StandardData\CO2045.WDA                                            

 READA   YEAR DOY = 1997 248
  Error in FILEA - Measured data not used                                      

 ENDRUN  YEAR DOY = 1997 248
 Normal end of run        1                                                    

******************************************************************************

*DSSAT Cropping System Model Ver. 4.5.1.023 -Stub         OCT 13, 2014; 10:48:17
                                                                                
*RUN   2        : 97 DATE1 F-MIX            CRGRO045 GHNY9701    2              
 MODEL          : CRGRO045 - Peanut                                             
 EXPERIMENT     : GHNY9701 PN able [sltx] with oversized content [1 SALO], only 
 DATA PATH      :                                                               
 TREATMENT  2   : 97 DATE1 F-MIX            CRGRO045                            
  

 CSM     YEAR DOY = 1997 149
 RNMODE = B                                                                    
 PATHEX =                                                                      
 FILEX  = GHNY9701.PNX                                                         
 FILEB  = dssbatch.v45                                                         
 FILEIO = DSSAT45.INP                                                          
 MODEL  = CRGRO045                                                             
 TRTNUM =     2                                                                

 SOILDYN  YEAR DOY = 1997 149
 The soil file has missing or invalid data.                                    
 Default values have been used for these variables:                            
   CEC, ADCOEF                                                                 
 These defaults may or may not be important to your results.                   

 SOILDYN  YEAR DOY = 1997 149
 Soil ID: GH00970001                                                           
 0 SAVANNA OCHROSOL                                                            
 PALEUSTALF                                                                    
   SALB SWCON    CN  DMOD  SLPF SMPX                                           
   0.13  0.40  76.0  1.00  0.86 IB001                                          
 Soil layer distribution method: 2                                             
      DS DLAYR    LL   DUL   SAT  Root    BD    OC  CLAY  SILT  SAND           
 LYR  cm    cm  frac  frac  frac  Grow g/cm3     %     %     %     %    pH     
   1   5     5 0.095 0.257 0.359 1.000  1.39  0.41   7.0  18.2  74.8   6.7     
   2  15    10 0.060 0.227 0.359 1.000  1.39  0.41   7.0  18.2  74.8   6.7     
   3  30    15 0.060 0.228 0.340 0.700  1.59  0.32  11.3  24.5  64.2   6.4     
   4  45    15 0.105 0.229 0.342 0.350  1.59  0.28  15.0  27.9  57.1   6.1     
   5  60    15 0.120 0.205 0.342 0.250  1.63  0.28  15.5  27.5  57.0   6.1     
   6  90    30 0.130 0.200 0.347 0.050  1.45  0.17  18.2  27.7  54.1   6.0     

 SOILDYN  YEAR DOY = 1997 149
 Additional soil properties                                                    
                Convert                                                        
    Cation Adsrp  ppm /  SLCF                                                  
   L  Exch  Coef  kg/ha     %                                                  
   1  15.5   0.0   1.44   6.2                                                  
   2  15.5   0.0   0.72   6.2                                                  
   3  15.5   0.0   0.42  11.4                                                  
   4  15.5   0.0   0.42  47.1                                                  
   5  15.5   0.0   0.41  47.1                                                  
   6  15.5   0.0   0.23  47.5                                                  

 READA   YEAR DOY = 1997 270
  Error in FILEA - Measured data not used                                      

 ENDRUN  YEAR DOY = 1997 270
 Normal end of run        2                                                    

******************************************************************************

*DSSAT Cropping System Model Ver. 4.5.1.023 -Stub         OCT 13, 2014; 10:48:17
                                                                                
*RUN   3        : 97 DATE2 CHINESE          CRGRO045 GHNY9701    3              
 MODEL          : CRGRO045 - Peanut                                             
 EXPERIMENT     : GHNY9701 PN able [sltx] with oversized content [1 SALO], only 
 DATA PATH      :                                                               
 TREATMENT  3   : 97 DATE2 CHINESE          CRGRO045                            
  

 CSM     YEAR DOY = 1997 177
 RNMODE = B                                                                    
 PATHEX =                                                                      
 FILEX  = GHNY9701.PNX                                                         
 FILEB  = dssbatch.v45                                                         
 FILEIO = DSSAT45.INP                                                          
 MODEL  = CRGRO045                                                             
 TRTNUM =     3                                                                

 SOILDYN  YEAR DOY = 1997 177
 The soil file has missing or invalid data.                                    
 Default values have been used for these variables:                            
   CEC, ADCOEF                                                                 
 These defaults may or may not be important to your results.                   

 SOILDYN  YEAR DOY = 1997 177
 Soil ID: GH00970002                                                           
 0 SAVANNA OCHROSOL                                                            
 PALEUSTALF                                                                    
   SALB SWCON    CN  DMOD  SLPF SMPX                                           
   0.13  0.65  76.0  1.00  0.86 IB001                                          
 Soil layer distribution method: 2                                             
      DS DLAYR    LL   DUL   SAT  Root    BD    OC  CLAY  SILT  SAND           
 LYR  cm    cm  frac  frac  frac  Grow g/cm3     %     %     %     %    pH     
   1   5     5 0.095 0.257 0.359 1.000  1.39  0.41   7.0  18.2  74.8   6.7     
   2  15    10 0.060 0.227 0.359 1.000  1.39  0.41   7.0  18.2  74.8   6.7     
   3  30    15 0.060 0.228 0.340 0.700  1.59  0.32  11.3  24.5  64.2   6.4     
   4  45    15 0.105 0.229 0.342 0.350  1.59  0.28  15.0  27.9  57.1   6.1     
   5  60    15 0.120 0.216 0.342 0.250  1.63  0.28  15.5  27.5  57.0   6.1     
   6  90    30 0.130 0.216 0.347 0.050  1.45  0.17  18.2  27.7  54.1   6.0     

 SOILDYN  YEAR DOY = 1997 177
 Additional soil properties                                                    
                Convert                                                        
    Cation Adsrp  ppm /  SLCF                                                  
   L  Exch  Coef  kg/ha     %                                                  
   1  15.5   0.0   1.44   6.2                                                  
   2  15.5   0.0   0.72   6.2                                                  
   3  15.5   0.0   0.42  11.4                                                  
   4  15.5   0.0   0.42  47.1                                                  
   5  15.5   0.0   0.41  47.1                                                  
   6  15.5   0.0   0.23  47.5                                                  

 READA   YEAR DOY = 1997 277
  Error in FILEA - Measured data not used                                      

 ENDRUN  YEAR DOY = 1997 277
 Normal end of run        3                                                    

******************************************************************************

*DSSAT Cropping System Model Ver. 4.5.1.023 -Stub         OCT 13, 2014; 10:48:17
                                                                                
*RUN   4        : 97 DATE2 F-MIX            CRGRO045 GHNY9701    4              
 MODEL          : CRGRO045 - Peanut                                             
 EXPERIMENT     : GHNY9701 PN able [sltx] with oversized content [1 SALO], only 
 DATA PATH      :                                                               
 TREATMENT  4   : 97 DATE2 F-MIX            CRGRO045                            
  

 CSM     YEAR DOY = 1997 177
 RNMODE = B                                                                    
 PATHEX =                                                                      
 FILEX  = GHNY9701.PNX                                                         
 FILEB  = dssbatch.v45                                                         
 FILEIO = DSSAT45.INP                                                          
 MODEL  = CRGRO045                                                             
 TRTNUM =     4                                                                

 SOILDYN  YEAR DOY = 1997 177
 The soil file has missing or invalid data.                                    
 Default values have been used for these variables:                            
   CEC, ADCOEF                                                                 
 These defaults may or may not be important to your results.                   

 SOILDYN  YEAR DOY = 1997 177
 Soil ID: GH00970002                                                           
 0 SAVANNA OCHROSOL                                                            
 PALEUSTALF                                                                    
   SALB SWCON    CN  DMOD  SLPF SMPX                                           
   0.13  0.65  76.0  1.00  0.86 IB001                                          
 Soil layer distribution method: 2                                             
      DS DLAYR    LL   DUL   SAT  Root    BD    OC  CLAY  SILT  SAND           
 LYR  cm    cm  frac  frac  frac  Grow g/cm3     %     %     %     %    pH     
   1   5     5 0.095 0.257 0.359 1.000  1.39  0.41   7.0  18.2  74.8   6.7     
   2  15    10 0.060 0.227 0.359 1.000  1.39  0.41   7.0  18.2  74.8   6.7     
   3  30    15 0.060 0.228 0.340 0.700  1.59  0.32  11.3  24.5  64.2   6.4     
   4  45    15 0.105 0.229 0.342 0.350  1.59  0.28  15.0  27.9  57.1   6.1     
   5  60    15 0.120 0.216 0.342 0.250  1.63  0.28  15.5  27.5  57.0   6.1     
   6  90    30 0.130 0.216 0.347 0.050  1.45  0.17  18.2  27.7  54.1   6.0     

 SOILDYN  YEAR DOY = 1997 177
 Additional soil properties                                                    
                Convert                                                        
    Cation Adsrp  ppm /  SLCF                                                  
   L  Exch  Coef  kg/ha     %                                                  
   1  15.5   0.0   1.44   6.2                                                  
   2  15.5   0.0   0.72   6.2                                                  
   3  15.5   0.0   0.42  11.4                                                  
   4  15.5   0.0   0.42  47.1                                                  
   5  15.5   0.0   0.41  47.1                                                  
   6  15.5   0.0   0.23  47.5                                                  

 READA   YEAR DOY = 1997 298
  Error in FILEA - Measured data not used                                      

 ENDRUN  YEAR DOY = 1997 298
 Normal end of run        4                                                    

******************************************************************************

*DSSAT Cropping System Model Ver. 4.5.1.023 -Stub         OCT 13, 2014; 10:48:17
                                                                                
*RUN   5        : 97 DATE3 CHINESE          CRGRO045 GHNY9701    5              
 MODEL          : CRGRO045 - Peanut                                             
 EXPERIMENT     : GHNY9701 PN able [sltx] with oversized content [1 SALO], only 
 DATA PATH      :                                                               
 TREATMENT  5   : 97 DATE3 CHINESE          CRGRO045                            
  

 CSM     YEAR DOY = 1997 205
 RNMODE = B                                                                    
 PATHEX =                                                                      
 FILEX  = GHNY9701.PNX                                                         
 FILEB  = dssbatch.v45                                                         
 FILEIO = DSSAT45.INP                                                          
 MODEL  = CRGRO045                                                             
 TRTNUM =     5                                                                

 SOILDYN  YEAR DOY = 1997 205
 The soil file has missing or invalid data.                                    
 Default values have been used for these variables:                            
   CEC, ADCOEF                                                                 
 These defaults may or may not be important to your results.                   

 SOILDYN  YEAR DOY = 1997 205
 Soil ID: GH00970002                                                           
 0 SAVANNA OCHROSOL                                                            
 PALEUSTALF                                                                    
   SALB SWCON    CN  DMOD  SLPF SMPX                                           
   0.13  0.65  76.0  1.00  0.86 IB001                                          
 Soil layer distribution method: 2                                             
      DS DLAYR    LL   DUL   SAT  Root    BD    OC  CLAY  SILT  SAND           
 LYR  cm    cm  frac  frac  frac  Grow g/cm3     %     %     %     %    pH     
   1   5     5 0.095 0.257 0.359 1.000  1.39  0.41   7.0  18.2  74.8   6.7     
   2  15    10 0.060 0.227 0.359 1.000  1.39  0.41   7.0  18.2  74.8   6.7     
   3  30    15 0.060 0.228 0.340 0.700  1.59  0.32  11.3  24.5  64.2   6.4     
   4  45    15 0.105 0.229 0.342 0.350  1.59  0.28  15.0  27.9  57.1   6.1     
   5  60    15 0.120 0.216 0.342 0.250  1.63  0.28  15.5  27.5  57.0   6.1     
   6  90    30 0.130 0.216 0.347 0.050  1.45  0.17  18.2  27.7  54.1   6.0     

 SOILDYN  YEAR DOY = 1997 205
 Additional soil properties                                                    
                Convert                                                        
    Cation Adsrp  ppm /  SLCF                                                  
   L  Exch  Coef  kg/ha     %                                                  
   1  15.5   0.0   1.44   6.2                                                  
   2  15.5   0.0   0.72   6.2                                                  
   3  15.5   0.0   0.42  11.4                                                  
   4  15.5   0.0   0.42  47.1                                                  
   5  15.5   0.0   0.41  47.1                                                  
   6  15.5   0.0   0.23  47.5                                                  

 READA   YEAR DOY = 1997 305
  Error in FILEA - Measured data not used                                      

 ENDRUN  YEAR DOY = 1997 305
 Normal end of run        5                                                    

******************************************************************************

*DSSAT Cropping System Model Ver. 4.5.1.023 -Stub         OCT 13, 2014; 10:48:17
                                                                                
*RUN   6        : 97 DATE3 F-MIX            CRGRO045 GHNY9701    6              
 MODEL          : CRGRO045 - Peanut                                             
 EXPERIMENT     : GHNY9701 PN able [sltx] with oversized content [1 SALO], only 
 DATA PATH      :                                                               
 TREATMENT  6   : 97 DATE3 F-MIX            CRGRO045                            
  

 CSM     YEAR DOY = 1997 205
 RNMODE = B                                                                    
 PATHEX =                                                                      
 FILEX  = GHNY9701.PNX                                                         
 FILEB  = dssbatch.v45                                                         
 FILEIO = DSSAT45.INP                                                          
 MODEL  = CRGRO045                                                             
 TRTNUM =     6                                                                

 SOILDYN  YEAR DOY = 1997 205
 The soil file has missing or invalid data.                                    
 Default values have been used for these variables:                            
   CEC, ADCOEF                                                                 
 These defaults may or may not be important to your results.                   

 SOILDYN  YEAR DOY = 1997 205
 Soil ID: GH00970002                                                           
 0 SAVANNA OCHROSOL                                                            
 PALEUSTALF                                                                    
   SALB SWCON    CN  DMOD  SLPF SMPX                                           
   0.13  0.65  76.0  1.00  0.86 IB001                                          
 Soil layer distribution method: 2                                             
      DS DLAYR    LL   DUL   SAT  Root    BD    OC  CLAY  SILT  SAND           
 LYR  cm    cm  frac  frac  frac  Grow g/cm3     %     %     %     %    pH     
   1   5     5 0.095 0.257 0.359 1.000  1.39  0.41   7.0  18.2  74.8   6.7     
   2  15    10 0.060 0.227 0.359 1.000  1.39  0.41   7.0  18.2  74.8   6.7     
   3  30    15 0.060 0.228 0.340 0.700  1.59  0.32  11.3  24.5  64.2   6.4     
   4  45    15 0.105 0.229 0.342 0.350  1.59  0.28  15.0  27.9  57.1   6.1     
   5  60    15 0.120 0.216 0.342 0.250  1.63  0.28  15.5  27.5  57.0   6.1     
   6  90    30 0.130 0.216 0.347 0.050  1.45  0.17  18.2  27.7  54.1   6.0     

 SOILDYN  YEAR DOY = 1997 205
 Additional soil properties                                                    
                Convert                                                        
    Cation Adsrp  ppm /  SLCF                                                  
   L  Exch  Coef  kg/ha     %                                                  
   1  15.5   0.0   1.44   6.2                                                  
   2  15.5   0.0   0.72   6.2                                                  
   3  15.5   0.0   0.42  11.4                                                  
   4  15.5   0.0   0.42  47.1                                                  
   5  15.5   0.0   0.41  47.1                                                  
   6  15.5   0.0   0.23  47.5                                                  

 READA   YEAR DOY = 1997 324
  Error in FILEA - Measured data not used                                      

 ENDRUN  YEAR DOY = 1997 324
 Normal end of run        6                                                    
