*PLANT N BALANCE

*DSSAT Cropping System Model Ver. 4.5.1.023 -Stub         DEC 04, 2014; 01:35:34
                                                                                
*RUN   1        : 97 DATE1 CHINESE          CRGRO045 GHNY9701    1              
 MODEL          : CRGRO045 - Peanut                                             
 EXPERIMENT     : GHNY9701 PN 1997 VARIETY X PLANTING DATE EXPERIMENT           
 DATA PATH      :                                                               
 TREATMENT  1   : 97 DATE1 CHINESE          CRGRO045                            
                                                                                
                                                                                
 CROP           : Peanut           CULTIVAR : CHINESE TMV2 TAM ECOTYPE :PN0019  
 STARTING DATE  : MAY 28 1997                                                   
 PLANTING DATE  : MAY 29 1997        PLANTS/m2 : 10.0     ROW SPACING :  50.cm  
 WEATHER        : GHNY   1997                                                   
 SOIL           : GH00970001     TEXTURE : SL    - SAVANNA OCHROSOL             
 SOIL INITIAL C : DEPTH: 90cm EXTR. H2O:102.4mm  NO3:  0.1kg/ha  NH4:  0.1kg/ha 
 WATER BALANCE  : IRRIGATE ON REPORTED DATE(S)                                  
 IRRIGATION     :        0 mm IN     0 APPLICATIONS                             
 NITROGEN BAL.  : SOIL-N, N-UPTAKE & DYNAMIC N-FIXATION SIMULATION              
 N-FERTILIZER   : NO N-FERTILIZER APPLIED                                       
 RESIDUE/MANURE : INITIAL :  1000 kg/ha ;       0 kg/ha IN     0 APPLICATIONS   
 ENVIRONM. OPT. : DAYL=    0.00  SRAD=    0.00  TMAX=    0.00  TMIN=    0.00    
                  RAIN=    0.00  CO2 =    0.00  DEW =    0.00  WIND=    0.00    
 SIMULATION OPT : WATER   :Y  NITROGEN:Y  N-FIX:Y  PHOSPH :N  PESTS  :Y         
                  PHOTO   :L  ET      :R  INFIL:S  HYDROL :R  SOM    :G         
                  CO2 364ppm  NSWIT   :1  EVAP :S  SOIL   :2                    
 MANAGEMENT OPT : PLANTING:R  IRRIG   :R  FERT :N  RESIDUE:N  HARVEST:M         
                  WEATHER :M  TILLAGE :N                                        
                                                                                
*SUMMARY OF SOIL AND GENETIC INPUT PARAMETERS                                   
                                                                                
   SOIL LOWER UPPER   SAT  EXTR  INIT   ROOT   BULK     pH    NO3    NH4    ORG 
  DEPTH LIMIT LIMIT    SW    SW    SW   DIST   DENS                          C  
   cm   cm3/cm3    cm3/cm3    cm3/cm3         g/cm3         ugN/g  ugN/g     %  
------------------------------------------------------------------------------- 
  0-  5 0.095 0.257 0.359 0.162 0.108   1.00   1.39   6.70   0.01   0.01   0.41 
  5- 15 0.060 0.227 0.359 0.167 0.108   1.00   1.39   6.70   0.01   0.01   0.41 
 15- 30 0.060 0.228 0.340 0.168 0.108   0.70   1.59   6.40   0.01   0.01   0.32 
 30- 45 0.105 0.229 0.342 0.124 0.227   0.35   1.59   6.10   0.01   0.01   0.28 
 45- 60 0.120 0.205 0.342 0.085 0.213   0.25   1.63   6.10   0.01   0.01   0.28 
 60- 90 0.130 0.200 0.347 0.070 0.196   0.05   1.45   6.00   0.01   0.01   0.17 
                                                                                
TOT- 90   9.2  19.5  31.2  10.2  15.7  <--cm   -  kg/ha-->    0.1    0.1  37100 
SOIL ALBEDO    : 0.13      EVAPORATION LIMIT : 6.00         MIN. FACTOR  : 1.00 
RUNOFF CURVE # :76.00      DRAINAGE RATE     : 0.40         FERT. FACTOR : 0.86 
                                                                                
 Peanut     CULTIVAR :GH0001-CHINESE TMV2 TAM   ECOTYPE :PN0019                 
 CSDVAR :11.84  PPSEN  : 0.00  EMG-FLW:17.00  FLW-FSD:17.50  FSD-PHM : 53.00    
 WTPSD  :0.360  SDPDVR : 1.65  SDFDUR :29.00  PODDUR :14.00  XFRUIT  :  0.76    
 THRESH : 74.5  SDPRO  :0.270  SDLIP   : 0.510                                  


   PLANT COMPONENT  HARVEST     LOST*   TOTAL  BALANCE
   ---------------  -------- kg[N]/ha -------  -------
   Leaf N             26.28     3.13    29.41
   Stem N             16.48     0.26    16.74
   Shell N            10.00     0.41    10.41
   Seed N             99.26     0.00    99.26
   Root N              2.38     2.13     4.51
   Nodule N            3.56     0.00     3.56
   Total N           157.96     5.93   163.90
   N leakage                             0.06
   TOTAL N                                      163.96


   N INPUTS TO SYSTEM                kg[N]/ha
   ------------------                --------
   Seed N At Planting                    1.17
   N2 Fixed                            152.11
   N Uptake from Soil                   10.69
   TOTAL N                                      163.97

   * Lost due to senescence, freeze, pest or disease damage.

*******************************************************************************

*DSSAT Cropping System Model Ver. 4.5.1.023 -Stub         DEC 04, 2014; 01:35:35
                                                                                
*RUN   2        : 97 DATE1 F-MIX            CRGRO045 GHNY9701    2              
 MODEL          : CRGRO045 - Peanut                                             
 EXPERIMENT     : GHNY9701 PN 1997 VARIETY X PLANTING DATE EXPERIMENT           
 DATA PATH      :                                                               
 TREATMENT  2   : 97 DATE1 F-MIX            CRGRO045                            
                                                                                
                                                                                
 CROP           : Peanut           CULTIVAR : F_MIX3,short bun ECOTYPE :PN0020  
 STARTING DATE  : MAY 28 1997                                                   
 PLANTING DATE  : MAY 29 1997        PLANTS/m2 : 10.0     ROW SPACING :  50.cm  
 WEATHER        : GHNY   1997                                                   
 SOIL           : GH00970001     TEXTURE : SL    - SAVANNA OCHROSOL             
 SOIL INITIAL C : DEPTH: 90cm EXTR. H2O:102.4mm  NO3:  0.1kg/ha  NH4:  0.1kg/ha 
 WATER BALANCE  : IRRIGATE ON REPORTED DATE(S)                                  
 IRRIGATION     :        0 mm IN     0 APPLICATIONS                             
 NITROGEN BAL.  : SOIL-N, N-UPTAKE & DYNAMIC N-FIXATION SIMULATION              
 N-FERTILIZER   : NO N-FERTILIZER APPLIED                                       
 RESIDUE/MANURE : INITIAL :  1000 kg/ha ;       0 kg/ha IN     0 APPLICATIONS   
 ENVIRONM. OPT. : DAYL=    0.00  SRAD=    0.00  TMAX=    0.00  TMIN=    0.00    
                  RAIN=    0.00  CO2 =    0.00  DEW =    0.00  WIND=    0.00    
 SIMULATION OPT : WATER   :Y  NITROGEN:Y  N-FIX:Y  PHOSPH :N  PESTS  :Y         
                  PHOTO   :L  ET      :R  INFIL:S  HYDROL :R  SOM    :G         
                  CO2 364ppm  NSWIT   :1  EVAP :S  SOIL   :2                    
 MANAGEMENT OPT : PLANTING:R  IRRIG   :R  FERT :N  RESIDUE:N  HARVEST:M         
                  WEATHER :M  TILLAGE :N                                        
                                                                                
*SUMMARY OF SOIL AND GENETIC INPUT PARAMETERS                                   
                                                                                
   SOIL LOWER UPPER   SAT  EXTR  INIT   ROOT   BULK     pH    NO3    NH4    ORG 
  DEPTH LIMIT LIMIT    SW    SW    SW   DIST   DENS                          C  
   cm   cm3/cm3    cm3/cm3    cm3/cm3         g/cm3         ugN/g  ugN/g     %  
------------------------------------------------------------------------------- 
  0-  5 0.095 0.257 0.359 0.162 0.108   1.00   1.39   6.70   0.01   0.01   0.41 
  5- 15 0.060 0.227 0.359 0.167 0.108   1.00   1.39   6.70   0.01   0.01   0.41 
 15- 30 0.060 0.228 0.340 0.168 0.108   0.70   1.59   6.40   0.01   0.01   0.32 
 30- 45 0.105 0.229 0.342 0.124 0.227   0.35   1.59   6.10   0.01   0.01   0.28 
 45- 60 0.120 0.205 0.342 0.085 0.213   0.25   1.63   6.10   0.01   0.01   0.28 
 60- 90 0.130 0.200 0.347 0.070 0.196   0.05   1.45   6.00   0.01   0.01   0.17 
                                                                                
TOT- 90   9.2  19.5  31.2  10.2  15.7  <--cm   -  kg/ha-->    0.1    0.1  37100 
SOIL ALBEDO    : 0.13      EVAPORATION LIMIT : 6.00         MIN. FACTOR  : 1.00 
RUNOFF CURVE # :76.00      DRAINAGE RATE     : 0.40         FERT. FACTOR : 0.86 
                                                                                
 Peanut     CULTIVAR :GH0002-F_MIX3,short bun   ECOTYPE :PN0020                 
 CSDVAR :11.84  PPSEN  : 0.00  EMG-FLW:19.00  FLW-FSD:19.00  FSD-PHM : 69.00    
 WTPSD  :0.450  SDPDVR : 1.65  SDFDUR :36.00  PODDUR :26.00  XFRUIT  :  0.77    
 THRESH : 74.0  SDPRO  :0.270  SDLIP   : 0.510                                  


   PLANT COMPONENT  HARVEST     LOST*   TOTAL  BALANCE
   ---------------  -------- kg[N]/ha -------  -------
   Leaf N             47.30     6.46    53.76
   Stem N             37.41     0.54    37.95
   Shell N            15.64     0.47    16.11
   Seed N            127.32     0.00   127.32
   Root N              3.62     3.82     7.44
   Nodule N            4.41     0.09     4.50
   Total N           235.70    11.37   247.08
   N leakage                             0.08
   TOTAL N                                      247.15


   N INPUTS TO SYSTEM                kg[N]/ha
   ------------------                --------
   Seed N At Planting                    1.46
   N2 Fixed                            231.88
   N Uptake from Soil                   13.84
   TOTAL N                                      247.18

   * Lost due to senescence, freeze, pest or disease damage.

*******************************************************************************

*DSSAT Cropping System Model Ver. 4.5.1.023 -Stub         DEC 04, 2014; 01:35:35
                                                                                
*RUN   3        : 97 DATE2 CHINESE          CRGRO045 GHNY9701    3              
 MODEL          : CRGRO045 - Peanut                                             
 EXPERIMENT     : GHNY9701 PN 1997 VARIETY X PLANTING DATE EXPERIMENT           
 DATA PATH      :                                                               
 TREATMENT  3   : 97 DATE2 CHINESE          CRGRO045                            
                                                                                
                                                                                
 CROP           : Peanut           CULTIVAR : CHINESE TMV2 TAM ECOTYPE :PN0019  
 STARTING DATE  : JUN 25 1997                                                   
 PLANTING DATE  : JUN 26 1997        PLANTS/m2 : 10.0     ROW SPACING :  50.cm  
 WEATHER        : GHNY   1997                                                   
 SOIL           : GH00970002     TEXTURE : SL    - SAVANNA OCHROSOL             
 SOIL INITIAL C : DEPTH: 90cm EXTR. H2O:108.8mm  NO3:  0.1kg/ha  NH4:  0.1kg/ha 
 WATER BALANCE  : IRRIGATE ON REPORTED DATE(S)                                  
 IRRIGATION     :        0 mm IN     0 APPLICATIONS                             
 NITROGEN BAL.  : SOIL-N, N-UPTAKE & DYNAMIC N-FIXATION SIMULATION              
 N-FERTILIZER   : NO N-FERTILIZER APPLIED                                       
 RESIDUE/MANURE : INITIAL :  1000 kg/ha ;       0 kg/ha IN     0 APPLICATIONS   
 ENVIRONM. OPT. : DAYL=    0.00  SRAD=    0.00  TMAX=    0.00  TMIN=    0.00    
                  RAIN=    0.00  CO2 =    0.00  DEW =    0.00  WIND=    0.00    
 SIMULATION OPT : WATER   :Y  NITROGEN:Y  N-FIX:Y  PHOSPH :N  PESTS  :Y         
                  PHOTO   :L  ET      :R  INFIL:S  HYDROL :R  SOM    :G         
                  CO2 364ppm  NSWIT   :1  EVAP :S  SOIL   :2                    
 MANAGEMENT OPT : PLANTING:R  IRRIG   :R  FERT :N  RESIDUE:N  HARVEST:M         
                  WEATHER :M  TILLAGE :N                                        
                                                                                
*SUMMARY OF SOIL AND GENETIC INPUT PARAMETERS                                   
                                                                                
   SOIL LOWER UPPER   SAT  EXTR  INIT   ROOT   BULK     pH    NO3    NH4    ORG 
  DEPTH LIMIT LIMIT    SW    SW    SW   DIST   DENS                          C  
   cm   cm3/cm3    cm3/cm3    cm3/cm3         g/cm3         ugN/g  ugN/g     %  
------------------------------------------------------------------------------- 
  0-  5 0.095 0.257 0.359 0.162 0.225   1.00   1.39   6.70   0.01   0.01   0.41 
  5- 15 0.060 0.227 0.359 0.167 0.225   1.00   1.39   6.70   0.01   0.01   0.41 
 15- 30 0.060 0.228 0.340 0.168 0.225   0.70   1.59   6.40   0.01   0.01   0.32 
 30- 45 0.105 0.229 0.342 0.124 0.232   0.35   1.59   6.10   0.01   0.01   0.28 
 45- 60 0.120 0.216 0.342 0.096 0.216   0.25   1.63   6.10   0.01   0.01   0.28 
 60- 90 0.130 0.216 0.347 0.086 0.226   0.05   1.45   6.00   0.01   0.01   0.17 
                                                                                
TOT- 90   9.2  20.1  31.2  10.9  20.2  <--cm   -  kg/ha-->    0.1    0.1  37100 
SOIL ALBEDO    : 0.13      EVAPORATION LIMIT : 6.00         MIN. FACTOR  : 1.00 
RUNOFF CURVE # :76.00      DRAINAGE RATE     : 0.65         FERT. FACTOR : 0.86 
                                                                                
 Peanut     CULTIVAR :GH0001-CHINESE TMV2 TAM   ECOTYPE :PN0019                 
 CSDVAR :11.84  PPSEN  : 0.00  EMG-FLW:17.00  FLW-FSD:17.50  FSD-PHM : 53.00    
 WTPSD  :0.360  SDPDVR : 1.65  SDFDUR :29.00  PODDUR :14.00  XFRUIT  :  0.76    
 THRESH : 74.5  SDPRO  :0.270  SDLIP   : 0.510                                  


   PLANT COMPONENT  HARVEST     LOST*   TOTAL  BALANCE
   ---------------  -------- kg[N]/ha -------  -------
   Leaf N             28.97     3.38    32.36
   Stem N             19.35     0.28    19.64
   Shell N            10.91     0.76    11.68
   Seed N             98.97     0.00    98.97
   Root N              2.72     2.28     5.00
   Nodule N            3.62     0.00     3.63
   Total N           164.55     6.72   171.27
   N leakage                             0.07
   TOTAL N                                      171.34


   N INPUTS TO SYSTEM                kg[N]/ha
   ------------------                --------
   Seed N At Planting                    1.17
   N2 Fixed                            161.57
   N Uptake from Soil                    8.61
   TOTAL N                                      171.35

   * Lost due to senescence, freeze, pest or disease damage.

*******************************************************************************

*DSSAT Cropping System Model Ver. 4.5.1.023 -Stub         DEC 04, 2014; 01:35:35
                                                                                
*RUN   4        : 97 DATE2 F-MIX            CRGRO045 GHNY9701    4              
 MODEL          : CRGRO045 - Peanut                                             
 EXPERIMENT     : GHNY9701 PN 1997 VARIETY X PLANTING DATE EXPERIMENT           
 DATA PATH      :                                                               
 TREATMENT  4   : 97 DATE2 F-MIX            CRGRO045                            
                                                                                
                                                                                
 CROP           : Peanut           CULTIVAR : F_MIX3,short bun ECOTYPE :PN0020  
 STARTING DATE  : JUN 25 1997                                                   
 PLANTING DATE  : JUN 26 1997        PLANTS/m2 : 10.0     ROW SPACING :  50.cm  
 WEATHER        : GHNY   1997                                                   
 SOIL           : GH00970002     TEXTURE : SL    - SAVANNA OCHROSOL             
 SOIL INITIAL C : DEPTH: 90cm EXTR. H2O:108.8mm  NO3:  0.1kg/ha  NH4:  0.1kg/ha 
 WATER BALANCE  : IRRIGATE ON REPORTED DATE(S)                                  
 IRRIGATION     :        0 mm IN     0 APPLICATIONS                             
 NITROGEN BAL.  : SOIL-N, N-UPTAKE & DYNAMIC N-FIXATION SIMULATION              
 N-FERTILIZER   : NO N-FERTILIZER APPLIED                                       
 RESIDUE/MANURE : INITIAL :  1000 kg/ha ;       0 kg/ha IN     0 APPLICATIONS   
 ENVIRONM. OPT. : DAYL=    0.00  SRAD=    0.00  TMAX=    0.00  TMIN=    0.00    
                  RAIN=    0.00  CO2 =    0.00  DEW =    0.00  WIND=    0.00    
 SIMULATION OPT : WATER   :Y  NITROGEN:Y  N-FIX:Y  PHOSPH :N  PESTS  :Y         
                  PHOTO   :L  ET      :R  INFIL:S  HYDROL :R  SOM    :G         
                  CO2 364ppm  NSWIT   :1  EVAP :S  SOIL   :2                    
 MANAGEMENT OPT : PLANTING:R  IRRIG   :R  FERT :N  RESIDUE:N  HARVEST:M         
                  WEATHER :M  TILLAGE :N                                        
                                                                                
*SUMMARY OF SOIL AND GENETIC INPUT PARAMETERS                                   
                                                                                
   SOIL LOWER UPPER   SAT  EXTR  INIT   ROOT   BULK     pH    NO3    NH4    ORG 
  DEPTH LIMIT LIMIT    SW    SW    SW   DIST   DENS                          C  
   cm   cm3/cm3    cm3/cm3    cm3/cm3         g/cm3         ugN/g  ugN/g     %  
------------------------------------------------------------------------------- 
  0-  5 0.095 0.257 0.359 0.162 0.225   1.00   1.39   6.70   0.01   0.01   0.41 
  5- 15 0.060 0.227 0.359 0.167 0.225   1.00   1.39   6.70   0.01   0.01   0.41 
 15- 30 0.060 0.228 0.340 0.168 0.225   0.70   1.59   6.40   0.01   0.01   0.32 
 30- 45 0.105 0.229 0.342 0.124 0.232   0.35   1.59   6.10   0.01   0.01   0.28 
 45- 60 0.120 0.216 0.342 0.096 0.216   0.25   1.63   6.10   0.01   0.01   0.28 
 60- 90 0.130 0.216 0.347 0.086 0.226   0.05   1.45   6.00   0.01   0.01   0.17 
                                                                                
TOT- 90   9.2  20.1  31.2  10.9  20.2  <--cm   -  kg/ha-->    0.1    0.1  37100 
SOIL ALBEDO    : 0.13      EVAPORATION LIMIT : 6.00         MIN. FACTOR  : 1.00 
RUNOFF CURVE # :76.00      DRAINAGE RATE     : 0.65         FERT. FACTOR : 0.86 
                                                                                
 Peanut     CULTIVAR :GH0002-F_MIX3,short bun   ECOTYPE :PN0020                 
 CSDVAR :11.84  PPSEN  : 0.00  EMG-FLW:19.00  FLW-FSD:19.00  FSD-PHM : 69.00    
 WTPSD  :0.450  SDPDVR : 1.65  SDFDUR :36.00  PODDUR :26.00  XFRUIT  :  0.77    
 THRESH : 74.0  SDPRO  :0.270  SDLIP   : 0.510                                  


   PLANT COMPONENT  HARVEST     LOST*   TOTAL  BALANCE
   ---------------  -------- kg[N]/ha -------  -------
   Leaf N             46.57     6.53    53.10
   Stem N             35.98     0.55    36.53
   Shell N            14.87     0.62    15.49
   Seed N            134.14     0.00   134.14
   Root N              3.53     3.86     7.39
   Nodule N            4.52     0.00     4.53
   Total N           239.61    11.57   251.18
   N leakage                             0.07
   TOTAL N                                      251.25


   N INPUTS TO SYSTEM                kg[N]/ha
   ------------------                --------
   Seed N At Planting                    1.46
   N2 Fixed                            236.32
   N Uptake from Soil                   13.50
   TOTAL N                                      251.27

   * Lost due to senescence, freeze, pest or disease damage.

*******************************************************************************

*DSSAT Cropping System Model Ver. 4.5.1.023 -Stub         DEC 04, 2014; 01:35:35
                                                                                
*RUN   5        : 97 DATE3 CHINESE          CRGRO045 GHNY9701    5              
 MODEL          : CRGRO045 - Peanut                                             
 EXPERIMENT     : GHNY9701 PN 1997 VARIETY X PLANTING DATE EXPERIMENT           
 DATA PATH      :                                                               
 TREATMENT  5   : 97 DATE3 CHINESE          CRGRO045                            
                                                                                
                                                                                
 CROP           : Peanut           CULTIVAR : CHINESE TMV2 TAM ECOTYPE :PN0019  
 STARTING DATE  : JUL 23 1997                                                   
 PLANTING DATE  : JUL 24 1997        PLANTS/m2 : 10.0     ROW SPACING :  50.cm  
 WEATHER        : GHNY   1997                                                   
 SOIL           : GH00970002     TEXTURE : SL    - SAVANNA OCHROSOL             
 SOIL INITIAL C : DEPTH: 90cm EXTR. H2O:108.8mm  NO3:  0.1kg/ha  NH4:  0.1kg/ha 
 WATER BALANCE  : IRRIGATE ON REPORTED DATE(S)                                  
 IRRIGATION     :        0 mm IN     0 APPLICATIONS                             
 NITROGEN BAL.  : SOIL-N, N-UPTAKE & DYNAMIC N-FIXATION SIMULATION              
 N-FERTILIZER   : NO N-FERTILIZER APPLIED                                       
 RESIDUE/MANURE : INITIAL :  1000 kg/ha ;       0 kg/ha IN     0 APPLICATIONS   
 ENVIRONM. OPT. : DAYL=    0.00  SRAD=    0.00  TMAX=    0.00  TMIN=    0.00    
                  RAIN=    0.00  CO2 =    0.00  DEW =    0.00  WIND=    0.00    
 SIMULATION OPT : WATER   :Y  NITROGEN:Y  N-FIX:Y  PHOSPH :N  PESTS  :Y         
                  PHOTO   :L  ET      :R  INFIL:S  HYDROL :R  SOM    :G         
                  CO2 364ppm  NSWIT   :1  EVAP :S  SOIL   :2                    
 MANAGEMENT OPT : PLANTING:R  IRRIG   :R  FERT :N  RESIDUE:N  HARVEST:M         
                  WEATHER :M  TILLAGE :N                                        
                                                                                
*SUMMARY OF SOIL AND GENETIC INPUT PARAMETERS                                   
                                                                                
   SOIL LOWER UPPER   SAT  EXTR  INIT   ROOT   BULK     pH    NO3    NH4    ORG 
  DEPTH LIMIT LIMIT    SW    SW    SW   DIST   DENS                          C  
   cm   cm3/cm3    cm3/cm3    cm3/cm3         g/cm3         ugN/g  ugN/g     %  
------------------------------------------------------------------------------- 
  0-  5 0.095 0.257 0.359 0.162 0.160   1.00   1.39   6.70   0.01   0.01   0.41 
  5- 15 0.060 0.227 0.359 0.167 0.160   1.00   1.39   6.70   0.01   0.01   0.41 
 15- 30 0.060 0.228 0.340 0.168 0.160   0.70   1.59   6.40   0.01   0.01   0.32 
 30- 45 0.105 0.229 0.342 0.124 0.213   0.35   1.59   6.10   0.01   0.01   0.28 
 45- 60 0.120 0.216 0.342 0.096 0.202   0.25   1.63   6.10   0.01   0.01   0.28 
 60- 90 0.130 0.216 0.347 0.086 0.217   0.05   1.45   6.00   0.01   0.01   0.17 
                                                                                
TOT- 90   9.2  20.1  31.2  10.9  17.5  <--cm   -  kg/ha-->    0.1    0.1  37100 
SOIL ALBEDO    : 0.13      EVAPORATION LIMIT : 6.00         MIN. FACTOR  : 1.00 
RUNOFF CURVE # :76.00      DRAINAGE RATE     : 0.65         FERT. FACTOR : 0.86 
                                                                                
 Peanut     CULTIVAR :GH0001-CHINESE TMV2 TAM   ECOTYPE :PN0019                 
 CSDVAR :11.84  PPSEN  : 0.00  EMG-FLW:17.00  FLW-FSD:17.50  FSD-PHM : 53.00    
 WTPSD  :0.360  SDPDVR : 1.65  SDFDUR :29.00  PODDUR :14.00  XFRUIT  :  0.76    
 THRESH : 74.5  SDPRO  :0.270  SDLIP   : 0.510                                  


   PLANT COMPONENT  HARVEST     LOST*   TOTAL  BALANCE
   ---------------  -------- kg[N]/ha -------  -------
   Leaf N             27.30     3.29    30.59
   Stem N             18.09     0.28    18.36
   Shell N            10.01     0.74    10.75
   Seed N            101.15     0.00   101.15
   Root N              2.43     2.16     4.60
   Nodule N            3.57     0.00     3.58
   Total N           162.55     6.47   169.02
   N leakage                             0.07
   TOTAL N                                      169.09


   N INPUTS TO SYSTEM                kg[N]/ha
   ------------------                --------
   Seed N At Planting                    1.17
   N2 Fixed                            159.47
   N Uptake from Soil                    8.47
   TOTAL N                                      169.10

   * Lost due to senescence, freeze, pest or disease damage.

*******************************************************************************

*DSSAT Cropping System Model Ver. 4.5.1.023 -Stub         DEC 04, 2014; 01:35:35
                                                                                
*RUN   6        : 97 DATE3 F-MIX            CRGRO045 GHNY9701    6              
 MODEL          : CRGRO045 - Peanut                                             
 EXPERIMENT     : GHNY9701 PN 1997 VARIETY X PLANTING DATE EXPERIMENT           
 DATA PATH      :                                                               
 TREATMENT  6   : 97 DATE3 F-MIX            CRGRO045                            
                                                                                
                                                                                
 CROP           : Peanut           CULTIVAR : F_MIX3,short bun ECOTYPE :PN0020  
 STARTING DATE  : JUL 23 1997                                                   
 PLANTING DATE  : JUL 24 1997        PLANTS/m2 : 10.0     ROW SPACING :  50.cm  
 WEATHER        : GHNY   1997                                                   
 SOIL           : GH00970002     TEXTURE : SL    - SAVANNA OCHROSOL             
 SOIL INITIAL C : DEPTH: 90cm EXTR. H2O:108.8mm  NO3:  0.1kg/ha  NH4:  0.1kg/ha 
 WATER BALANCE  : IRRIGATE ON REPORTED DATE(S)                                  
 IRRIGATION     :        0 mm IN     0 APPLICATIONS                             
 NITROGEN BAL.  : SOIL-N, N-UPTAKE & DYNAMIC N-FIXATION SIMULATION              
 N-FERTILIZER   : NO N-FERTILIZER APPLIED                                       
 RESIDUE/MANURE : INITIAL :  1000 kg/ha ;       0 kg/ha IN     0 APPLICATIONS   
 ENVIRONM. OPT. : DAYL=    0.00  SRAD=    0.00  TMAX=    0.00  TMIN=    0.00    
                  RAIN=    0.00  CO2 =    0.00  DEW =    0.00  WIND=    0.00    
 SIMULATION OPT : WATER   :Y  NITROGEN:Y  N-FIX:Y  PHOSPH :N  PESTS  :Y         
                  PHOTO   :L  ET      :R  INFIL:S  HYDROL :R  SOM    :G         
                  CO2 364ppm  NSWIT   :1  EVAP :S  SOIL   :2                    
 MANAGEMENT OPT : PLANTING:R  IRRIG   :R  FERT :N  RESIDUE:N  HARVEST:M         
                  WEATHER :M  TILLAGE :N                                        
                                                                                
*SUMMARY OF SOIL AND GENETIC INPUT PARAMETERS                                   
                                                                                
   SOIL LOWER UPPER   SAT  EXTR  INIT   ROOT   BULK     pH    NO3    NH4    ORG 
  DEPTH LIMIT LIMIT    SW    SW    SW   DIST   DENS                          C  
   cm   cm3/cm3    cm3/cm3    cm3/cm3         g/cm3         ugN/g  ugN/g     %  
------------------------------------------------------------------------------- 
  0-  5 0.095 0.257 0.359 0.162 0.160   1.00   1.39   6.70   0.01   0.01   0.41 
  5- 15 0.060 0.227 0.359 0.167 0.160   1.00   1.39   6.70   0.01   0.01   0.41 
 15- 30 0.060 0.228 0.340 0.168 0.160   0.70   1.59   6.40   0.01   0.01   0.32 
 30- 45 0.105 0.229 0.342 0.124 0.213   0.35   1.59   6.10   0.01   0.01   0.28 
 45- 60 0.120 0.216 0.342 0.096 0.202   0.25   1.63   6.10   0.01   0.01   0.28 
 60- 90 0.130 0.216 0.347 0.086 0.217   0.05   1.45   6.00   0.01   0.01   0.17 
                                                                                
TOT- 90   9.2  20.1  31.2  10.9  17.5  <--cm   -  kg/ha-->    0.1    0.1  37100 
SOIL ALBEDO    : 0.13      EVAPORATION LIMIT : 6.00         MIN. FACTOR  : 1.00 
RUNOFF CURVE # :76.00      DRAINAGE RATE     : 0.65         FERT. FACTOR : 0.86 
                                                                                
 Peanut     CULTIVAR :GH0002-F_MIX3,short bun   ECOTYPE :PN0020                 
 CSDVAR :11.84  PPSEN  : 0.00  EMG-FLW:19.00  FLW-FSD:19.00  FSD-PHM : 69.00    
 WTPSD  :0.450  SDPDVR : 1.65  SDFDUR :36.00  PODDUR :26.00  XFRUIT  :  0.77    
 THRESH : 74.0  SDPRO  :0.270  SDLIP   : 0.510                                  


   PLANT COMPONENT  HARVEST     LOST*   TOTAL  BALANCE
   ---------------  -------- kg[N]/ha -------  -------
   Leaf N             45.64    14.58    60.23
   Stem N             39.73     1.23    40.96
   Shell N            17.82     0.85    18.68
   Seed N             85.47     0.00    85.47
   Root N              3.97     4.27     8.24
   Nodule N            2.46     2.08     4.55
   Total N           195.11    23.02   218.13
   N leakage                             0.08
   TOTAL N                                      218.21


   N INPUTS TO SYSTEM                kg[N]/ha
   ------------------                --------
   Seed N At Planting                    1.46
   N2 Fixed                            206.84
   N Uptake from Soil                    9.94
   TOTAL N                                      218.24

   * Lost due to senescence, freeze, pest or disease damage.

*******************************************************************************
