!,"ID for suite of sites or experiments","Name of experiment, field test or survey",Field Overlay (DOME) ID,Seaonal Strategy (DOME) ID,Rotational Analysis (DOME) ID,,Treatment Name,4-character Climate ID code,Climate replication number for multiple realizations of weather data (ask Alex),Region ID,Regional stratum identification number,RAP ID,"Management regimen ID, for multiple management regimens per RAP",Names of institutions involved in collection of field or survey data,"Crop rotation indicator (=1 to indicate that this is a continuous, multi-year simulation, =0 for single year simulations)",Weather station ID,Soil ID,Site Latitude,Site Longitude,Crop type (common name) ,Crop model-specific cultivar ID,Cultivar name,Start of simulation date,Planting date,"Observed harvested yield, dry weight",Observed total above-ground biomass at harvest,Observed harvest date,Total number of irrigation events,Total amount of irrigation,Type of irrigation application,Total number of fertilizer applications,Total N applied,Total P applied,Total K applied,Manure and applied oganic matter,Total number of tillage applications,"Tillage type (hand, animal or mechanized)",Experiment ID,Weather ID,Soil ID,DOME ID for Overlay,DOME ID for Seasonal  ,DOME ID for Rotational ,"Short name of crop model used for simulations (e.g., DSSAT, APSIM, Aquacrop, STICS, etc.)",Model name and version number of the crop model used to generate simulated outputs,"Simulated harvest yield, dry matter","Simulated above-ground biomass at harvest, dry matter",Simulated anthesis date,Simulated maturity date,Simulated harvest date,"Simulated leaf area index, maximum",Total precipitation from planting to harvest,"Simulated evapotranspiration, planting to harvest",Simulated N uptake during season,Simulated N leached up to harvest maturity,"Transpiration, cumulative from planting to harvest","Evaporation,soil, cumulative from planting to harvest"
!,text,text,text,text,text,number,text,code,number,code,number,code,code,text,number,text,text,decimal degrees,decimal degrees,text,text,text,yyyy-mm-dd,yyyy-mm-dd,kg/ha,kg/ha,yyyy-mm-dd,number,mm,text,number,kg[N]/ha,kg[P]/ha,kg[K]/ha,kg/ha,#,text,text,text,text,text,text,text,text,text,kg/ha,kg/ha,yyyy-mm-dd,yyyy-mm-dd,yyyy-mm-dd,m2/m2,mm,mm,kg/ha,kg/ha,mm,mm
#,SUITE_ID,EXNAME,FIELD_OVERLAY,SEASONAL_STRATEGY,ROTATIONAL_ANALYSIS,RUN#,TRT_NAME,CLIM_ID,CLIM_REP,REG_ID,STRATUM,RAP_ID,MAN_ID,INSTITUTION,ROTATION,WST_ID,SOIL_ID,FL_LAT,FL_LONG,CRID_text,CUL_ID,CUL_NAME,SDAT,PDATE,HWAH,CWAH,HDATE,IR#C,IR_TOT,IROP_text,FE_#,FEN_TOT,FEP_TOT,FEK_TOT,OM_TOT,TI_#,TIIMP_text,EID,WID,SID,DOID,DSID,DRID,CROP_MODEL,MODEL_VER,HWAH_S,CWAH_S,ADAT_S,MDAT_S,HADAT_S,LAIX_S,PRCP_S,ETCP_S,NUCM_S,NLCM_S,EPCP_S,ESCP_S
*,,"GHWA0401_1","APSIM-1----FIELD","","",1,"N0 P0","0XXX",1,"APSIM","1",,,AgMIP,0,GHWA,GHWA040001_1,10.020,-2.382,"Maize",GH0010,"OBATANPA",2003-10-10,2004-06-17,427,,,,,"",,,,,,,"","14bfcecc94c51604df2ae011525013ade82540d847351b9ff1c7229d86d6762d","74000a9456e9ef0adb1598fce97e5f40aee9413e6d9956547364a8a03b3fc8ed","8306ae606ba933bb3f4550bda74a281f0d01f02d21fe466ac186babd9a09566d","7b9f6ca524c305385c6d9024c6adc708cb715ebef5965bd0526dbea1f09810a4","","",DSSAT,"DSSAT MZCER045 Ver. 4.5.1.023 -Stub","572","1828","2004-08-13","2004-09-25","2004-10-20","0.5","718.2","406.4","12","93","",""
*,,"GHWA0401_2","APSIM-1----FIELD","","",1,"N0 P60","0XXX",1,"APSIM","1",,,AgMIP,0,GHWA,GHWA040001_2,10.020,-2.382,"Maize",GH0010,"OBATANPA",2003-10-10,2004-06-17,438,,,,,"",1,0,26,0,,,"","469fe1392a745d4df0f0d3e3e020d5cfdeb6eeb0a087d7803774f68e52e5d1af","74000a9456e9ef0adb1598fce97e5f40aee9413e6d9956547364a8a03b3fc8ed","be5c4fa950f118c9bc95ad85626f879463e456070ef18cb465a9f000a0799adb","7b9f6ca524c305385c6d9024c6adc708cb715ebef5965bd0526dbea1f09810a4","","",DSSAT,"DSSAT MZCER045 Ver. 4.5.1.023 -Stub","381","2523","2004-08-13","2004-09-25","2004-10-20","1.0","718.2","423.9","15","99","",""
*,,"GHWA0401_3","APSIM-1----FIELD","","",1,"N0 P90","0XXX",1,"APSIM","1",,,AgMIP,0,GHWA,GHWA040001_3,10.020,-2.382,"Maize",GH0010,"OBATANPA",2003-10-10,2004-06-17,417,,,,,"",1,0,39,0,,,"","6da25510f96aed0c4fa5aaa8603f07873cb3fab9478c6ab76dbf932164a11c82","74000a9456e9ef0adb1598fce97e5f40aee9413e6d9956547364a8a03b3fc8ed","a5943b91380fd3f422101fbd41a1fe47bbe7bca17f7c9f2b9c0d4cd8fd80508f","7b9f6ca524c305385c6d9024c6adc708cb715ebef5965bd0526dbea1f09810a4","","",DSSAT,"DSSAT MZCER045 Ver. 4.5.1.023 -Stub","381","2523","2004-08-13","2004-09-25","2004-10-20","1.0","718.2","423.9","15","99","",""
*,,"GHWA0401_4","APSIM-1----FIELD","","",1,"N60 P0","0XXX",1,"APSIM","1",,,AgMIP,0,GHWA,GHWA040001_4,10.020,-2.382,"Maize",GH0010,"OBATANPA",2003-10-10,2004-06-17,979,,,,,"",2,60,0,0,,,"","ce307433ef252b11549d38c0cd00f9026b3fc37fdaa90753f10717100739040f","74000a9456e9ef0adb1598fce97e5f40aee9413e6d9956547364a8a03b3fc8ed","eae75809f324a14c5adadaeb6767c86069ef4b94f5a84988b7a51b01ade7701a","7b9f6ca524c305385c6d9024c6adc708cb715ebef5965bd0526dbea1f09810a4","","",DSSAT,"DSSAT MZCER045 Ver. 4.5.1.023 -Stub","941","2030","2004-08-13","2004-09-25","2004-10-20","0.5","718.2","405.8","28","138","",""
*,,"GHWA0401_5","APSIM-1----FIELD","","",1,"N60 P60","0XXX",1,"APSIM","1",,,AgMIP,0,GHWA,GHWA040001_5,10.020,-2.382,"Maize",GH0010,"OBATANPA",2003-10-10,2004-06-17,2500,,,,,"",3,60,26,0,,,"","285a91d091c7eef163c49df0e7d0ec4dec0b617a90f49749014d13f108e542db","74000a9456e9ef0adb1598fce97e5f40aee9413e6d9956547364a8a03b3fc8ed","c20eac009c3af6c5d3c9288b5f4a8b24f4ad29dfe3787b9fbd807d3c0c17a9b3","7b9f6ca524c305385c6d9024c6adc708cb715ebef5965bd0526dbea1f09810a4","","",DSSAT,"DSSAT MZCER045 Ver. 4.5.1.023 -Stub","2233","9364","2004-08-13","2004-09-25","2004-10-20","2.9","718.2","438.9","75","129","",""
*,,"GHWA0401_6","APSIM-1----FIELD","","",1,"N60 P90","0XXX",1,"APSIM","1",,,AgMIP,0,GHWA,GHWA040001_6,10.020,-2.382,"Maize",GH0010,"OBATANPA",2003-10-10,2004-06-17,2208,,,,,"",3,60,39,0,,,"","310468885bbb3053a35083ad962761362e282e3a5d9edc90041df77a5bfbf083","74000a9456e9ef0adb1598fce97e5f40aee9413e6d9956547364a8a03b3fc8ed","ecc004034696de7b8f3ebe893b1668eb255a68901c5cab5f91c89ac3b5d6f1ad","7b9f6ca524c305385c6d9024c6adc708cb715ebef5965bd0526dbea1f09810a4","","",DSSAT,"DSSAT MZCER045 Ver. 4.5.1.023 -Stub","2235","9461","2004-08-13","2004-09-25","2004-10-20","3.0","718.2","439.1","76","130","",""
*,,"GHWA0401_7","APSIM-1----FIELD","","",1,"N120 P0","0XXX",1,"APSIM","1",,,AgMIP,0,GHWA,GHWA040001_4,10.020,-2.382,"Maize",GH0010,"OBATANPA",2003-10-10,2004-06-17,1896,,,,,"",2,120,0,0,,,"","9d37bb10a110a4fb08c82088c7b6cd9e845a116c83cc3815d6c44041aea7f775","74000a9456e9ef0adb1598fce97e5f40aee9413e6d9956547364a8a03b3fc8ed","eae75809f324a14c5adadaeb6767c86069ef4b94f5a84988b7a51b01ade7701a","7b9f6ca524c305385c6d9024c6adc708cb715ebef5965bd0526dbea1f09810a4","","",DSSAT,"DSSAT MZCER045 Ver. 4.5.1.023 -Stub","930","2003","2004-08-13","2004-09-25","2004-10-20","0.5","718.2","407.5","28","192","",""
*,,"GHWA0401_8","APSIM-1----FIELD","","",1,"N120 P60","0XXX",1,"APSIM","1",,,AgMIP,0,GHWA,GHWA040001_8,10.020,-2.382,"Maize",GH0010,"OBATANPA",2003-10-10,2004-06-17,3938,,,,,"",3,120,26,0,,,"","9ffe5854c6e0ec67b9d3d69ab4e873da79fad35b6ae3d2d5410ceda06dfe3c3d","74000a9456e9ef0adb1598fce97e5f40aee9413e6d9956547364a8a03b3fc8ed","cf4c15c5eaf16d1f63b3951c7715de12c528c2f89f37c0de4b00b60a132c0e0e","7b9f6ca524c305385c6d9024c6adc708cb715ebef5965bd0526dbea1f09810a4","","",DSSAT,"DSSAT MZCER045 Ver. 4.5.1.023 -Stub","4309","13067","2004-08-13","2004-09-25","2004-10-20","3.6","718.2","443.3","131","130","",""
*,,"GHWA0401_9","APSIM-1----FIELD","","",1,"N120 P90","0XXX",1,"APSIM","1",,,AgMIP,0,GHWA,GHWA040001_9,10.020,-2.382,"Maize",GH0010,"OBATANPA",2003-10-10,2004-06-17,4188,,,,,"",3,120,39,0,,,"","eed076a230b38529cdc67673225c7cabf25d4d42419cd13862307ef2b416adb7","74000a9456e9ef0adb1598fce97e5f40aee9413e6d9956547364a8a03b3fc8ed","1bb516fc04578bfd40545d882fac5c6020d42028bd4d432bbdac2e171f38c7e2","7b9f6ca524c305385c6d9024c6adc708cb715ebef5965bd0526dbea1f09810a4","","",DSSAT,"DSSAT MZCER045 Ver. 4.5.1.023 -Stub","4251","13372","2004-08-13","2004-09-25","2004-10-20","3.8","718.2","442.2","132","131","",""
