*SUMMARY : GHWA0401MZ ON-STATION NXP (EXPERIMENT NO.2) 9 TRT                       DSSAT Cropping System Model Ver. 4.5.1.023 -Stub         DEC 04, 2014; 01:35:45

!IDENTIFIERS......................... TREATMENT................ SITE INFORMATION............ DATES..........................................  DRY WEIGHT, YIELD AND YIELD COMPONENTS......................................  WATER...............................................  NITROGEN......................................  PHOSPHORUS............  POTASSIUM.............  ORGANIC MATTER..................................    WATER PRODUCTIVITY..................................................    NITROGEN PRODUCTIVITY...........  SEASONAL ENVIRONMENTAL DATA (Planting to harvest)
@   RUNNO   TRNO R# O# C# CR MODEL    TNAM                      FNAM     WSTA.... SOIL_ID...    SDAT    PDAT    EDAT    ADAT    MDAT    HDAT  DWAP    CWAM    HWAM    HWAH    BWAH  PWAM    HWUM  H#AM    H#UM  HIAM  LAIX  IR#M  IRCM  PRCM  ETCM  EPCM  ESCM  ROCM  DRCM  SWXM  NI#M  NICM  NFXM  NUCM  NLCM  NIAM  CNAM  GNAM  PI#M  PICM  PUPC  SPAM  KI#M  KICM  KUPC  SKAM  RECM  ONTAM   ONAM  OPTAM   OPAM   OCTAM    OCAM    DMPPM    DMPEM    DMPTM    DMPIM     YPPM     YPEM     YPTM     YPIM    DPNAM    DPNUM    YPNAM    YPNUM  NDCH TMAXA TMINA SRADA DAYLA   CO2A   PRCP   ETCP
        1      1  1  1  0 MZ MZCER045 N0 P0                     UFWA0001 GHWA0302 GHWA040001 2003283 2004169 2004174 2004226 2004269 2004294   -99    1828     572     572       0   694  0.2349   244    48.7 0.313   0.5     0     0  1155   723    70   648    28   413    31     0     0     0    12    93     9    12     5     0     0     4  5703   -99   -99   -99   -99     0   6920   6918    202    199   49197   49133      2.5      4.5     26.1    -99.0     0.80     1.41     8.16   -99.00    -99.0    152.4    -99.0     47.7   125  30.9  22.0  18.2 12.26  377.5  718.2  406.4
        2      2  1  1  0 MZ MZCER045 N0 P60                    UFWA0001 GHWA0302 GHWA040002 2003283 2004169 2004174 2004226 2004269 2004294   -99    2523     381     381       0   531  0.2452   156    31.1 0.151   1.0     0     0  1155   734   120   605    22   413    25     0     0     0    15    99     9    14     3     1    26     6  5851   -99   -99   -99   -99     0   6917   6915    204    201   49276   49171      3.5      6.0     21.1    -99.0     0.53     0.90     3.18   -99.00    -99.0    168.2    -99.0     25.4   125  30.9  22.0  18.2 12.26  377.5  718.2  423.9
        3      3  1  1  0 MZ MZCER045 N0 P90                    UFWA0001 GHWA0302 GHWA040003 2003283 2004169 2004174 2004226 2004269 2004294   -99    2523     381     381       0   531  0.2452   156    31.1 0.151   1.0     0     0  1155   734   120   605    22   413    25     0     0     0    15    99     9    14     3     1    39     6  5918   -99   -99   -99   -99     0   6917   6915    204    201   49276   49171      3.5      6.0     21.1    -99.0     0.53     0.90     3.18   -99.00    -99.0    168.2    -99.0     25.4   125  30.9  22.0  18.2 12.26  377.5  718.2  423.9
        4      4  1  1  0 MZ MZCER045 N60 P0                    UFWA0001 GHWA0302 GHWA040004 2003283 2004169 2004174 2004226 2004269 2004294   -99    2030     941     941       0  1087  0.2034   463    92.6 0.464   0.5     0     0  1155   719    81   630    24   424    27     2    60     0    28   138    12    28    17     0     0     4  5697   -99   -99   -99   -99     0   6920   6918    202    200   49239   49151      2.8      5.0     25.1    -99.0     1.31     2.32    11.62   -99.00     33.8     72.5     15.7     33.6   125  30.9  22.0  18.2 12.26  377.5  718.2  405.8
        5      5  1  1  0 MZ MZCER045 N60 P60                   UFWA0001 GHWA0302 GHWA040005 2003283 2004169 2004174 2004226 2004269 2004294   -99    9364    2233    2233       0  3405  0.2336   956   191.2 0.238   2.9     0     0  1155   725   266   432    13   448     9     2    60     0    75   129     9    67    25     1    26    21  5710   -99   -99   -99   -99     0   6901   6897    209    203   49426   49182     13.0     21.3     35.2    -99.0     3.11     5.09     8.41   -99.00    156.1    124.9     37.2     29.8   125  30.9  22.0  18.2 12.26  377.5  718.2  438.9
        6      6  1  1  0 MZ MZCER045 N60 P90                   UFWA0001 GHWA0302 GHWA040006 2003283 2004169 2004174 2004226 2004269 2004294   -99    9461    2235    2235       0  3404  0.2336   957   191.3 0.236   3.0     0     0  1155   725   267   431    13   448     8     2    60     0    76   130     9    68    25     1    39    22  5770   -99   -99   -99   -99     0   6926   6922    210    204   49632   49388     13.2     21.5     35.4    -99.0     3.11     5.09     8.36   -99.00    157.7    124.5     37.2     29.4   125  30.9  22.0  18.2 12.26  377.5  718.2  439.1
        7      7  1  1  0 MZ MZCER045 N120 P0                   UFWA0001 GHWA0302 GHWA040004 2003283 2004169 2004174 2004226 2004269 2004294   -99    2003     930     930       0  1073  0.2021   460    92.0 0.464   0.5     0     0  1155   721    81   633    25   421    27     2   120     0    28   192    16    28    16     0     0     4  5697   -99   -99   -99   -99     0   6920   6919    202    200   49228   49146      2.8      4.9     24.6    -99.0     1.29     2.28    11.42   -99.00     16.7     71.6      7.8     33.2   125  30.9  22.0  18.2 12.26  377.5  718.2  407.5
        8      8  1  1  0 MZ MZCER045 N120 P60                  UFWA0001 GHWA0302 GHWA040007 2003283 2004169 2004174 2004226 2004269 2004294   -99   13067    4309    4309       0  6904  0.2304  1870   374.1 0.330   3.6     0     0  1155   735   307   407    16   436     8     2   120     0   131   130     9   116    69     1    26    30  5586   -99   -99   -99   -99     0   6944   6941    210    205   49828   49621     18.2     29.5     42.6    -99.0     6.00     9.72    14.05   -99.00    108.9     99.7     35.9     32.9   125  30.9  22.0  18.2 12.26  377.5  718.2  443.3
        9      9  1  1  0 MZ MZCER045 N120 P90                  UFWA0001 GHWA0302 GHWA040008 2003283 2004169 2004174 2004226 2004269 2004294   -99   13372    4251    4251       0  6775  0.2304  1845   369.1 0.318   3.8     0     0  1155   732   311   398    15   440     7     2   120     0   132   131     9   119    68     1    39    31  5703   -99   -99   -99   -99     0   6943   6939    210    205   49820   49604     18.6     30.2     43.0    -99.0     5.92     9.61    13.67   -99.00    111.4    101.3     35.4     32.2   125  30.9  22.0  18.2 12.26  377.5  718.2  442.2
