ApsimVersion = 7.5
format = csv
Title = KSAS8101_5-IRRIGATED - 60 KG N_HA ACMO
yield,biomass,AnthesisDate,MaturityDate,HarvestDate,LAIMax,InCropRain,SumEP,SumNO3Uptake,SumLeachNO3
(kg/ha),(kg/ha),(yyyy-mm-dd),(yyyy-mm-dd),(yyyy-mm-dd),(m2/m2),(mm),(mm),(kg/ha),(kg/ha)
785.854065,2879.789063,1982-06-04,1982-07-02,1982-07-03,1.297339,663.400002,55.327930,21.816092,197.301245
