$PLANT EVALUATION
  
*EVALUATION : KSAS8101WH  N RESPONSE,KANSAS STATE    CSCER045

@RUN EXCODE      TRNO RN CR EDAPS EDAPM DRAPS DRAPM TSAPS TSAPM ADAPS ADAPM MDAPS MDAPM HWAMS HWAMM HWUMS HWUMM H#AMS H#AMM H#GMS H#GMM LAIXS LAIXM L#SMS L#SMM T#AMS T#AMM CWAMS CWAMM VWAMS VWAMM HIAMS HIAMM HN%MS HN%MM VN%MS VN%MM CNAMS CNAMM HNAMS HNAMM HINMS HINMM
   1 KSAS8101WH     1  0 WH     5   -99   165   -99   185   -99   217   217   250   250  2762  2317 0.022 0.029 12837  8017  22.6  18.0   1.9   1.0  13.5 -99.0   567   445  8225  5994  5463  3677 0.336 0.387   1.9   1.9 0.250 0.405    66    59    52    44 0.794 0.748
   2 KSAS8101WH     2  0 WH     5   -99   165   -99   185   -99   217   217   250   250  3977  3330 0.024 0.024 16257 13760  24.0  22.0   2.5   1.8  13.5 -99.0   677   625 10533 10178  6556  6848 0.378 0.327   1.9   1.9 0.250 0.577    92   103    76    64 0.821 0.617
   3 KSAS8101WH     3  0 WH     5   -99   165   -99   185   -99   217   217   250   250  4311  4521 0.025 0.023 17243 19321  24.2  24.0   2.6   3.0  13.5 -99.0   712   805 11030 12649  6720  8128 0.391 0.357   2.2   2.2 0.254 0.821   113   167    95   100 0.848 0.600
   4 KSAS8101WH     4  0 WH     5   -99   165   -99   185   -99   217   217   250   250  1640  1438 0.015 0.028 10873  5117  21.4  18.0   1.8   0.8  13.5 -99.0   507   284  6328  3926  4688  2488 0.259 0.366   1.9   1.9 0.247 0.442    43    38    31    27 0.729 0.708
   5 KSAS8101WH     5  0 WH     5   -99   165   -99   185   -99   217   217   250   250  2194  3025 0.015 0.024 14951 12657  24.1  20.0   2.4   1.8  13.5 -99.0   619   633  8444  9424  6250  6399 0.260 0.321   1.9   1.9 0.244 0.484    57    88    42    57 0.732 0.647
   6 KSAS8101WH     6  0 WH     5   -99   165   -99   185   -99   217   217   250   250  3458  4695 0.020 0.023 17646 20325  24.9  24.0   2.7   2.9  13.5 -99.0   709   847 10573 13064  7115  8369 0.327 0.359   1.9   2.0 0.246 0.848    83   167    66    96 0.790 0.574
