$LEAF SIZES

*RUN 1    :KSAS8101WH 1 N x IR ASHLAND, CSCER045                             

! LEAF NUMBER   13.5
! LEAF NUMBER WHEN INCREASE FACTOR CHANGED   8.0
! AREA OF LEAF WHEN FACTOR CHANGED   6.12

@ LNUM AREAP AREA1 AREAT AREAS  T#PL  T#AL  WFLF  NFLF  AFLF  TFLF DAYSG
     1   2.0   1.7   1.7   1.7   1.0   162   0.0   0.0   0.0   0.2   8.0
     2   2.3   2.3   2.3   2.3   1.0   162   0.0   0.0   0.0   0.0   7.0
     3   2.6   2.3   2.3   2.3   1.0   162   0.0   0.0   0.0   0.2  10.0
     4   3.0   2.8   2.8   2.8   1.0   162   0.0   0.0   0.0   0.2  10.0
     5   3.5   1.5   1.5   1.5   1.3   216   0.0   0.0   0.1   0.7  26.0
     6   4.0   0.3   0.5   0.5   2.1   348   0.0   0.0   0.8   0.3  14.0
     7   4.6   1.1   2.9   2.9   3.0   484   0.0   0.0   0.6   0.2  11.0
     8   5.3   3.3  10.7  10.7   3.9   632   0.0   0.0   0.1   0.3  12.0
     9   6.1   4.4  17.7  17.7   5.8   932   0.0   0.2   0.0   0.3  12.0
    10   6.2   4.0  20.1  20.1   7.3  1184   0.0   0.3   0.1   0.1   4.0
    11   6.2   3.9  23.0  23.0   8.2  1321   0.0   0.3   0.0   0.1   9.0
    12   6.3   4.1  23.5  23.5   7.2  1169   0.0   0.3   0.1   0.0   7.0
    13   6.4   4.1  22.3  22.3   6.4  1044   0.0   0.2   0.1   0.1   5.0
    14   6.4   2.3  12.1  12.1   3.5   567   0.0   0.1   0.0   0.1   2.0
  
! LNUM  = Number of leaf on main axis
! AREAP = Potential area of leaf (cm2)
! AREA1 = Area of leaf on main axis (cm2)
! AREAT = Area of leaves on all axes at leaf position (cm2) 
! AREAS = Area of leaves senesced at leaf position (cm2)
! T#PL  = Tiller number/plant at leaf position
! T#AL  = Tiller number/area(m2) at leaf position
! WFLF  = Water stress factor for leaf (0-1,0=0 stress)
! NFLF  = N stress factor for leaf (0-1,0=0 stress)
! AFLF  = Assimilate factor for leaf (0-1,0=0 no limitation)
! TFLF  = Temperature factor for leaf (0-1,1=0 no limitation)
! DAYSG = Number of days of growth   

*RUN 2    :KSAS8101WH 2 N x IR ASHLAND, CSCER045                             

! LEAF NUMBER   13.5
! LEAF NUMBER WHEN INCREASE FACTOR CHANGED   8.0
! AREA OF LEAF WHEN FACTOR CHANGED   6.12

@ LNUM AREAP AREA1 AREAT AREAS  T#PL  T#AL  WFLF  NFLF  AFLF  TFLF DAYSG
     1   2.0   1.7   1.7   1.7   1.0   162   0.0   0.0   0.0   0.2   8.0
     2   2.3   2.3   2.3   2.3   1.0   162   0.0   0.0   0.0   0.0   7.0
     3   2.6   2.3   2.3   2.3   1.0   162   0.0   0.0   0.0   0.2  10.0
     4   3.0   2.8   2.8   2.8   1.0   162   0.0   0.0   0.0   0.2  10.0
     5   3.5   1.5   1.5   1.5   1.3   216   0.0   0.0   0.1   0.7  26.0
     6   4.0   0.3   0.5   0.5   2.1   348   0.0   0.0   0.8   0.3  14.0
     7   4.6   1.1   2.9   2.9   3.0   484   0.0   0.0   0.6   0.2  11.0
     8   5.3   3.3  10.7  10.7   3.9   632   0.0   0.0   0.1   0.3  12.0
     9   6.1   4.9  20.0  20.0   6.0   974   0.0   0.1   0.0   0.3  12.0
    10   6.2   5.0  25.4  25.4   8.0  1298   0.0   0.1   0.1   0.1   4.0
    11   6.2   5.1  32.3  32.3   9.1  1478   0.0   0.1   0.0   0.1   9.0
    12   6.3   5.3  32.8  32.8   8.1  1316   0.0   0.1   0.1   0.0   7.0
    13   6.4   5.1  29.3  29.3   7.3  1184   0.0   0.0   0.1   0.1   5.0
    14   6.4   2.7  15.3  15.3   4.2   677   0.0   0.0   0.0   0.1   2.0

*RUN 3    :KSAS8101WH 3 N x IR ASHLAND, CSCER045                             

! LEAF NUMBER   13.5
! LEAF NUMBER WHEN INCREASE FACTOR CHANGED   8.0
! AREA OF LEAF WHEN FACTOR CHANGED   6.12

@ LNUM AREAP AREA1 AREAT AREAS  T#PL  T#AL  WFLF  NFLF  AFLF  TFLF DAYSG
     1   2.0   1.7   1.7   1.7   1.0   162   0.0   0.0   0.0   0.2   8.0
     2   2.3   2.3   2.3   2.3   1.0   162   0.0   0.0   0.0   0.0   7.0
     3   2.6   2.3   2.3   2.3   1.0   162   0.0   0.0   0.0   0.2  10.0
     4   3.0   2.8   2.8   2.8   1.0   162   0.0   0.0   0.0   0.2  10.0
     5   3.5   1.5   1.5   1.5   1.3   216   0.0   0.0   0.1   0.7  26.0
     6   4.0   0.3   0.5   0.5   2.1   348   0.0   0.0   0.8   0.3  14.0
     7   4.6   1.1   2.9   2.9   3.0   484   0.0   0.0   0.6   0.2  11.0
     8   5.3   3.3  10.7  10.7   3.9   632   0.0   0.0   0.1   0.3  12.0
     9   6.1   5.2  21.2  21.2   6.1   990   0.0   0.0   0.0   0.3  12.0
    10   6.2   5.5  28.5  28.5   8.4  1355   0.0   0.0   0.0   0.1   4.0
    11   6.2   5.5  34.6  34.6   9.6  1560   0.0   0.0   0.0   0.1   9.0
    12   6.3   5.4  34.4  34.4   8.6  1392   0.1   0.0   0.1   0.0   7.0
    13   6.4   5.1  30.5  30.5   7.7  1254   0.0   0.0   0.1   0.1   5.0
    14   6.4   2.7  15.3  15.3   4.4   712   0.0   0.0   0.0   0.1   2.0

*RUN 4    :KSAS8101WH 4 N x IR ASHLAND, CSCER045                             

! LEAF NUMBER   13.5
! LEAF NUMBER WHEN INCREASE FACTOR CHANGED   8.0
! AREA OF LEAF WHEN FACTOR CHANGED   6.12

@ LNUM AREAP AREA1 AREAT AREAS  T#PL  T#AL  WFLF  NFLF  AFLF  TFLF DAYSG
     1   2.0   1.7   1.7   1.7   1.0   162   0.0   0.0   0.0   0.2   8.0
     2   2.3   2.3   2.3   2.3   1.0   162   0.0   0.0   0.0   0.0   7.0
     3   2.6   2.3   2.3   2.3   1.0   162   0.0   0.0   0.0   0.2  10.0
     4   3.0   2.8   2.8   2.8   1.0   162   0.0   0.0   0.0   0.2  10.0
     5   3.5   1.5   1.5   1.5   1.3   216   0.0   0.0   0.1   0.7  26.0
     6   4.0   0.3   0.5   0.5   2.1   348   0.0   0.0   0.8   0.3  14.0
     7   4.6   1.1   2.9   2.9   3.0   484   0.0   0.0   0.6   0.2  11.0
     8   5.3   3.3  10.7  10.7   3.9   632   0.0   0.0   0.1   0.3  12.0
     9   6.1   4.4  17.7  17.7   5.8   932   0.0   0.2   0.0   0.3  12.0
    10   6.2   4.0  19.9  19.9   7.3  1182   0.0   0.3   0.1   0.1   4.0
    11   6.2   3.9  23.3  23.3   8.1  1317   0.0   0.3   0.0   0.1   9.0
    12   6.3   4.1  23.5  23.5   7.2  1166   0.0   0.3   0.1   0.0   7.0
    13   6.4   3.2  16.8  16.8   6.4  1041   0.0   0.4   0.1   0.1   5.0
    14   6.4   1.7   8.5   8.5   3.1   507   0.0   0.4   0.0   0.1   2.0

*RUN 5    :KSAS8101WH 5 N x IR ASHLAND, CSCER045                             

! LEAF NUMBER   13.5
! LEAF NUMBER WHEN INCREASE FACTOR CHANGED   8.0
! AREA OF LEAF WHEN FACTOR CHANGED   6.12

@ LNUM AREAP AREA1 AREAT AREAS  T#PL  T#AL  WFLF  NFLF  AFLF  TFLF DAYSG
     1   2.0   1.7   1.7   1.7   1.0   162   0.0   0.0   0.0   0.2   8.0
     2   2.3   2.3   2.3   2.3   1.0   162   0.0   0.0   0.0   0.0   7.0
     3   2.6   2.3   2.3   2.3   1.0   162   0.0   0.0   0.0   0.2  10.0
     4   3.0   2.8   2.8   2.8   1.0   162   0.0   0.0   0.0   0.2  10.0
     5   3.5   1.5   1.5   1.5   1.3   216   0.0   0.0   0.1   0.7  26.0
     6   4.0   0.3   0.5   0.5   2.1   348   0.0   0.0   0.8   0.3  14.0
     7   4.6   1.1   2.9   2.9   3.0   484   0.0   0.0   0.6   0.2  11.0
     8   5.3   3.3  10.7  10.7   3.9   632   0.0   0.0   0.1   0.3  12.0
     9   6.1   4.9  20.0  20.0   6.0   974   0.0   0.1   0.0   0.3  12.0
    10   6.2   5.0  25.3  25.3   8.0  1296   0.0   0.1   0.1   0.1   4.0
    11   6.2   5.2  32.2  32.2   9.1  1476   0.0   0.1   0.0   0.1   9.0
    12   6.3   5.4  33.4  33.4   8.1  1315   0.0   0.1   0.1   0.0   7.0
    13   6.4   4.1  24.0  24.0   7.3  1182   0.0   0.2   0.1   0.1   5.0
    14   6.4   2.1  11.9  11.9   3.8   619   0.0   0.2   0.0   0.1   2.0

*RUN 6    :KSAS8101WH 6 N x IR ASHLAND, CSCER045                             

! LEAF NUMBER   13.5
! LEAF NUMBER WHEN INCREASE FACTOR CHANGED   8.0
! AREA OF LEAF WHEN FACTOR CHANGED   6.12

@ LNUM AREAP AREA1 AREAT AREAS  T#PL  T#AL  WFLF  NFLF  AFLF  TFLF DAYSG
     1   2.0   1.7   1.7   1.7   1.0   162   0.0   0.0   0.0   0.2   8.0
     2   2.3   2.3   2.3   2.3   1.0   162   0.0   0.0   0.0   0.0   7.0
     3   2.6   2.3   2.3   2.3   1.0   162   0.0   0.0   0.0   0.2  10.0
     4   3.0   2.8   2.8   2.8   1.0   162   0.0   0.0   0.0   0.2  10.0
     5   3.5   1.5   1.5   1.5   1.3   216   0.0   0.0   0.1   0.7  26.0
     6   4.0   0.3   0.5   0.5   2.1   348   0.0   0.0   0.8   0.3  14.0
     7   4.6   1.1   2.9   2.9   3.0   484   0.0   0.0   0.6   0.2  11.0
     8   5.3   3.3  10.7  10.7   3.9   632   0.0   0.0   0.1   0.3  12.0
     9   6.1   5.2  21.2  21.2   6.1   990   0.0   0.0   0.0   0.3  12.0
    10   6.2   5.5  28.5  28.5   8.4  1355   0.0   0.0   0.0   0.1   4.0
    11   6.2   5.8  36.8  36.8   9.6  1560   0.0   0.0   0.0   0.1   9.0
    12   6.3   5.9  37.7  37.7   8.6  1394   0.0   0.0   0.1   0.0   7.0
    13   6.4   5.1  30.5  30.5   7.8  1259   0.0   0.0   0.1   0.1   5.0
    14   6.4   2.7  15.3  15.3   4.4   709   0.0   0.0   0.0   0.1   2.0
