$PLANT SUMMARY
  
*PLANTSUM

@  RUN EXCODE    TRNO RN TNAME.................... REP  RUNI S O C    CR PYEAR  PDOY  TSAP  ADAP  MDAP   FLN FLDAP HYEAR  HDAY SDWAP CWAHC  CWAM PARUE  HWAM  HWAH  BWAH  HWUM  H#AM  H#UM SDNAP  CNAM  HNAM  RNAM  TNAM  NUAM  HN%M  VN%M D1INI D2INI D3INI 
     1 KSAS8101WH   1  0 DRYLAND  - 0 KG N/HA        1     1 1 1 1    WH  1981   289   185   217   250  13.5   205  1982   174    46     0  8225   1.8  2762  2762  5463 0.022 12837    23   0.9    66    52     6    72    76  1.90  0.25   -99   -99   -99
     2 KSAS8101WH   2  0 DRYLAND  - 60 KG N/HA       1     1 1 1 1    WH  1981   289   185   217   250  13.5   205  1982   174    46     0 10533   2.1  3977  3977  6556 0.024 16257    24   0.9    92    76     7    99   104  1.90  0.25   -99   -99   -99
     3 KSAS8101WH   3  0 DRYLAND  - 180 KG N/HA SP   1     1 1 1 1    WH  1981   289   185   217   250  13.5   205  1982   174    46     0 11030   2.2  4311  4311  6720 0.025 17243    24   0.9   113    95    10   123   128  2.21  0.25   -99   -99   -99
     4 KSAS8101WH   4  0 IRRIGATED - 0 KG N/HA       1     1 1 1 1    WH  1981   289   185   217   250  13.5   205  1982   174    46     0  6328   1.5  1640  1640  4688 0.015 10873    21   0.9    43    31     5    48    52  1.90  0.25   -99   -99   -99
     5 KSAS8101WH   5  0 IRRIGATED - 60 KG N/HA      1     1 1 1 1    WH  1981   289   185   217   250  13.5   205  1982   174    46     0  8444   1.8  2194  2194  6250 0.015 14951    24   0.9    57    42     7    64    69  1.90  0.24   -99   -99   -99
     6 KSAS8101WH   6  0 IRRIGATED 180 KG N/HA SPL   1     1 1 1 1    WH  1981   289   185   217   250  13.5   205  1982   174    46     0 10573   2.1  3458  3458  7115 0.020 17646    25   0.9    83    66     8    91    96  1.90  0.25   -99   -99   -99
