*SUMMARY : KSAS8101WH                                                              DSSAT Cropping System Model Ver. 4.5.1.023 -Stub         OCT 13, 2014; 10:45:28

!IDENTIFIERS......................... TREATMENT................ SITE INFORMATION............ DATES..........................................  DRY WEIGHT, YIELD AND YIELD COMPONENTS......................................  WATER...............................................  NITROGEN......................................  PHOSPHORUS............  POTASSIUM.............  ORGANIC MATTER..................................    WATER PRODUCTIVITY..................................................    NITROGEN PRODUCTIVITY...........  SEASONAL ENVIRONMENTAL DATA (Planting to harvest)
@   RUNNO   TRNO R# O# C# CR MODEL    TNAM                      FNAM     WSTA.... SOIL_ID...    SDAT    PDAT    EDAT    ADAT    MDAT    HDAT  DWAP    CWAM    HWAM    HWAH    BWAH  PWAM    HWUM  H#AM    H#UM  HIAM  LAIX  IR#M  IRCM  PRCM  ETCM  EPCM  ESCM  ROCM  DRCM  SWXM  NI#M  NICM  NFXM  NUCM  NLCM  NIAM  CNAM  GNAM  PI#M  PICM  PUPC  SPAM  KI#M  KICM  KUPC  SKAM  RECM  ONTAM   ONAM  OPTAM   OPAM   OCTAM    OCAM    DMPPM    DMPEM    DMPTM    DMPIM     YPPM     YPEM     YPTM     YPIM    DPNAM    DPNUM    YPNAM    YPNUM  NDCH TMAXA TMINA SRADA DAYLA   CO2A   PRCP   ETCP
        1      1  1  0  0 WH CSCER045 DRYLAND  - 0 KG N/HA      KSAS0001 KSAS8102 IBWH980018 1981279 1981289     -99 1982141 1982174 1982174    46    8225    2762    2762       0  3297  0.0215 12837    22.6 0.336   1.9     0     0   600   415   165   250    12   117   147     1     0   -99    76   119    64    66    52   -99   -99   -99   -99   -99   -99   -99   -99     0   7844   7843      0      0   78696   78645     14.2     20.7     49.8    -99.0     4.76     6.94    16.73   -99.00    -99.0    107.6    -99.0     36.2   245  13.1   1.2  12.4 12.58  340.7  579.8  397.9
        2      2  1  0  0 WH CSCER045 DRYLAND  - 60 KG N/HA     KSAS0001 KSAS8102 IBWH980018 1981279 1981289     -99 1982141 1982174 1982174    46   10533    3977    3977       0  4569  0.0245 16257    24.0 0.378   2.5     0     0   600   418   185   233    12   112   150     1    60   -99   104   124    88    92    76   -99   -99   -99   -99   -99   -99   -99   -99     0   7845   7843      0      0   78714   78658     18.2     26.3     56.9    -99.0     6.86     9.92    21.48   -99.00    175.5    100.8     66.3     38.1   245  13.1   1.2  12.4 12.58  340.7  579.8  400.7
        3      3  1  0  0 WH CSCER045 DRYLAND  - 180 KG N/HA SP KSAS0001 KSAS8102 IBWH980018 1981279 1981289     -99 1982141 1982174 1982174    46   11030    4311    4311       0  4915  0.0250 17243    24.2 0.391   2.6     0     0   600   423   188   234    12   111   146     2   180   -99   128   130   179   113    95   -99   -99   -99   -99   -99   -99   -99   -99     0   7845   7844      0      0   78726   78668     19.0     27.2     58.6    -99.0     7.44    10.62    22.90   -99.00     61.3     86.3     23.9     33.7   245  13.1   1.2  12.4 12.58  340.7  579.8  405.7
        4      4  1  0  0 WH CSCER045 IRRIGATED - 0 KG N/HA     KSAS0001 KSAS8102 IBWH980018 1981279 1981289     -99 1982141 1982174 1982174    46    6328    1640    1640       0  2115  0.0151 10873    21.4 0.259   1.8     3   213   600   437   158   279    13   306   149     1     0   -99    52   184    24    43    31   -99   -99   -99   -99   -99   -99   -99   -99     0   7841   7840      0      0   78649   78597     10.9     15.1     40.1     29.7     2.83     3.90    10.39     7.70    -99.0    121.1    -99.0     31.4   245  13.1   1.2  12.4 12.58  340.7  579.8  420.0
        5      5  1  0  0 WH CSCER045 IRRIGATED - 60 KG N/HA    KSAS0001 KSAS8102 IBWH980018 1981279 1981289     -99 1982141 1982174 1982174    46    8444    2194    2194       0  2775  0.0147 14951    24.1 0.260   2.4     3   213   600   437   177   259    12   306   149     1    60   -99    69   224    26    57    42   -99   -99   -99   -99   -99   -99   -99   -99     0   7842   7841      0      0   78665   78609     14.6     20.1     47.6     39.6     3.78     5.23    12.37    10.30    140.7    123.0     36.6     32.0   245  13.1   1.2  12.4 12.58  340.7  579.8  419.8
        6      6  1  0  0 WH CSCER045 IRRIGATED 180 KG N/HA SPL KSAS0001 KSAS8102 IBWH980018 1981279 1981289     -99 1982141 1982174 1982174    46   10573    3458    3458       0  4068  0.0196 17646    24.9 0.327   2.7     3   213   600   440   191   249    12   305   147     2   180   -99    96   288    53    83    66   -99   -99   -99   -99   -99   -99   -99   -99     0   7842   7841      0      0   78675   78617     18.2     25.0     55.5     49.6     5.96     8.18    18.14    16.23     58.7    109.9     19.2     36.0   245  13.1   1.2  12.4 12.58  340.7  579.8  422.7
