ApsimVersion = 7.5
format = csv
Title = GHNY9701_10-97 DATE2 F-MIX ACMO
yield,biomass,AnthesisDate,MaturityDate,HarvestDate,LAIMax,InCropRain,SumEP,SumNO3Uptake,SumLeachNO3
(kg/ha),(kg/ha),(yyyy-mm-dd),(yyyy-mm-dd),(yyyy-mm-dd),(m2/m2),(mm),(mm),(kg/ha),(kg/ha)
460.019104,1676.453979,1997-08-06,1997-09-25,1997-09-26,1.221168,539.300001,60.548939,7.540205,2.570251
